LSM6DS3_ACC_GYRO_driver.c:68:15:LSM6DS3_ACC_GYRO_WriteReg	24	static
LSM6DS3_ACC_GYRO_driver.c:90:15:LSM6DS3_ACC_GYRO_ReadReg	24	static
LSM6DS3_ACC_GYRO_driver.c:112:15:LSM6DS3_ACC_GYRO_R_WHO_AM_I	16	static
LSM6DS3_ACC_GYRO_driver.c:130:16:LSM6DS3_ACC_GYRO_W_BDU	24	static
LSM6DS3_ACC_GYRO_driver.c:153:15:LSM6DS3_ACC_GYRO_R_BDU	16	static
LSM6DS3_ACC_GYRO_driver.c:170:16:LSM6DS3_ACC_GYRO_W_FS_XL	24	static
LSM6DS3_ACC_GYRO_driver.c:193:15:LSM6DS3_ACC_GYRO_R_FS_XL	16	static
LSM6DS3_ACC_GYRO_driver.c:210:15:LSM6DS3_ACC_GYRO_GetRawAccData	24	static
LSM6DS3_ACC_GYRO_driver.c:249:15:LSM6DS3_ACC_Get_Acceleration	64	static
LSM6DS3_ACC_GYRO_driver.c:305:16:LSM6DS3_ACC_GYRO_W_ODR_XL	24	static
LSM6DS3_ACC_GYRO_driver.c:328:15:LSM6DS3_ACC_GYRO_R_ODR_XL	16	static
LSM6DS3_ACC_GYRO_driver.c:345:15:LSM6DS3_ACC_GYRO_translate_ODR_XL	16	static
LSM6DS3_ACC_GYRO_driver.c:399:16:LSM6DS3_ACC_GYRO_W_FS_G	24	static
LSM6DS3_ACC_GYRO_driver.c:422:15:LSM6DS3_ACC_GYRO_R_FS_G	16	static
LSM6DS3_ACC_GYRO_driver.c:439:16:LSM6DS3_ACC_GYRO_W_ODR_G	24	static
LSM6DS3_ACC_GYRO_driver.c:462:15:LSM6DS3_ACC_GYRO_R_ODR_G	16	static
LSM6DS3_ACC_GYRO_driver.c:479:15:LSM6DS3_ACC_GYRO_translate_ODR_G	16	static
LSM6DS3_ACC_GYRO_driver.c:533:15:LSM6DS3_ACC_GYRO_GetRawGyroData	24	static
LSM6DS3_ACC_GYRO_driver.c:573:15:LSM6DS3_ACC_Get_AngularRate	72	static
LSM6DS3_ACC_GYRO_driver.c:638:16:LSM6DS3_ACC_GYRO_W_BW_XL	24	static
LSM6DS3_ACC_GYRO_driver.c:661:15:LSM6DS3_ACC_GYRO_R_BW_XL	16	static
LSM6DS3_ACC_GYRO_driver.c:678:16:LSM6DS3_ACC_GYRO_W_FS_125	24	static
LSM6DS3_ACC_GYRO_driver.c:701:15:LSM6DS3_ACC_GYRO_R_FS_125	16	static
LSM6DS3_ACC_GYRO_driver.c:720:16:LSM6DS3_ACC_GYRO_W_EmbeddedAccess	24	static
LSM6DS3_ACC_GYRO_driver.c:743:15:LSM6DS3_ACC_GYRO_R_EmbeddedAccess	16	static
LSM6DS3_ACC_GYRO_driver.c:760:16:LSM6DS3_ACC_GYRO_W_Stamping_Time_Frame	24	static
LSM6DS3_ACC_GYRO_driver.c:786:15:LSM6DS3_ACC_GYRO_R_Stamping_Time_Frame	16	static
LSM6DS3_ACC_GYRO_driver.c:804:16:LSM6DS3_ACC_GYRO_W_FIFO_Watermark	24	static
LSM6DS3_ACC_GYRO_driver.c:848:15:LSM6DS3_ACC_GYRO_R_FIFO_Watermark	24	static
LSM6DS3_ACC_GYRO_driver.c:878:16:LSM6DS3_ACC_GYRO_W_TIM_PEDO_FIFO_Write_En	24	static
LSM6DS3_ACC_GYRO_driver.c:901:15:LSM6DS3_ACC_GYRO_R_TIM_PEDO_FIFO_Write_En	16	static
LSM6DS3_ACC_GYRO_driver.c:917:16:LSM6DS3_ACC_GYRO_W_TIM_PEDO_FIFO_En	24	static
LSM6DS3_ACC_GYRO_driver.c:940:15:LSM6DS3_ACC_GYRO_R_TIM_PEDO_FIFO_En	16	static
LSM6DS3_ACC_GYRO_driver.c:956:16:LSM6DS3_ACC_GYRO_W_DEC_FIFO_XL	24	static
LSM6DS3_ACC_GYRO_driver.c:979:16:LSM6DS3_ACC_GYRO_W_DEC_FIFO_XL_val	16	static
LSM6DS3_ACC_GYRO_driver.c:1029:15:LSM6DS3_ACC_GYRO_R_DEC_FIFO_XL	16	static
LSM6DS3_ACC_GYRO_driver.c:1046:16:LSM6DS3_ACC_GYRO_W_DEC_FIFO_G	24	static
LSM6DS3_ACC_GYRO_driver.c:1069:16:LSM6DS3_ACC_GYRO_W_DEC_FIFO_G_val	16	static
LSM6DS3_ACC_GYRO_driver.c:1119:15:LSM6DS3_ACC_GYRO_R_DEC_FIFO_G	16	static
LSM6DS3_ACC_GYRO_driver.c:1136:16:LSM6DS3_ACC_GYRO_W_DEC_FIFO_SLV0	24	static
LSM6DS3_ACC_GYRO_driver.c:1159:15:LSM6DS3_ACC_GYRO_R_DEC_FIFO_SLV0	16	static
LSM6DS3_ACC_GYRO_driver.c:1176:16:LSM6DS3_ACC_GYRO_W_DEC_FIFO_SLV1	24	static
LSM6DS3_ACC_GYRO_driver.c:1199:15:LSM6DS3_ACC_GYRO_R_DEC_FIFO_SLV1	16	static
LSM6DS3_ACC_GYRO_driver.c:1216:16:LSM6DS3_ACC_GYRO_W_HI_DATA_ONLY	24	static
LSM6DS3_ACC_GYRO_driver.c:1239:15:LSM6DS3_ACC_GYRO_R_HI_DATA_ONLY	16	static
LSM6DS3_ACC_GYRO_driver.c:1256:16:LSM6DS3_ACC_GYRO_W_FIFO_MODE	24	static
LSM6DS3_ACC_GYRO_driver.c:1279:15:LSM6DS3_ACC_GYRO_R_FIFO_MODE	16	static
LSM6DS3_ACC_GYRO_driver.c:1296:16:LSM6DS3_ACC_GYRO_W_ODR_FIFO	24	static
LSM6DS3_ACC_GYRO_driver.c:1319:15:LSM6DS3_ACC_GYRO_R_ODR_FIFO	16	static
LSM6DS3_ACC_GYRO_driver.c:1336:16:LSM6DS3_ACC_GYRO_W_Orientation	24	static
LSM6DS3_ACC_GYRO_driver.c:1359:15:LSM6DS3_ACC_GYRO_R_Orientation	16	static
LSM6DS3_ACC_GYRO_driver.c:1376:16:LSM6DS3_ACC_GYRO_W_SignZ_G	24	static
LSM6DS3_ACC_GYRO_driver.c:1399:15:LSM6DS3_ACC_GYRO_R_SignZ_G	16	static
LSM6DS3_ACC_GYRO_driver.c:1416:16:LSM6DS3_ACC_GYRO_W_SignY_G	24	static
LSM6DS3_ACC_GYRO_driver.c:1439:15:LSM6DS3_ACC_GYRO_R_SignY_G	16	static
LSM6DS3_ACC_GYRO_driver.c:1456:16:LSM6DS3_ACC_GYRO_W_SignX_G	24	static
LSM6DS3_ACC_GYRO_driver.c:1479:15:LSM6DS3_ACC_GYRO_R_SignX_G	16	static
LSM6DS3_ACC_GYRO_driver.c:1496:16:LSM6DS3_ACC_GYRO_W_DRDY_XL_on_INT1	24	static
LSM6DS3_ACC_GYRO_driver.c:1519:15:LSM6DS3_ACC_GYRO_R_DRDY_XL_on_INT1	16	static
LSM6DS3_ACC_GYRO_driver.c:1536:16:LSM6DS3_ACC_GYRO_W_DRDY_G_on_INT1	24	static
LSM6DS3_ACC_GYRO_driver.c:1559:15:LSM6DS3_ACC_GYRO_R_DRDY_G_on_INT1	16	static
LSM6DS3_ACC_GYRO_driver.c:1576:16:LSM6DS3_ACC_GYRO_W_BOOT_on_INT1	24	static
LSM6DS3_ACC_GYRO_driver.c:1599:15:LSM6DS3_ACC_GYRO_R_BOOT_on_INT1	16	static
LSM6DS3_ACC_GYRO_driver.c:1616:16:LSM6DS3_ACC_GYRO_W_FIFO_TSHLD_on_INT1	24	static
LSM6DS3_ACC_GYRO_driver.c:1639:15:LSM6DS3_ACC_GYRO_R_FIFO_TSHLD_on_INT1	16	static
LSM6DS3_ACC_GYRO_driver.c:1656:16:LSM6DS3_ACC_GYRO_W_OVERRUN_on_INT1	24	static
LSM6DS3_ACC_GYRO_driver.c:1679:15:LSM6DS3_ACC_GYRO_R_OVERRUN_on_INT1	16	static
LSM6DS3_ACC_GYRO_driver.c:1696:16:LSM6DS3_ACC_GYRO_W_FSS5_on_INT1	24	static
LSM6DS3_ACC_GYRO_driver.c:1719:15:LSM6DS3_ACC_GYRO_R_FSS5_on_INT1	16	static
LSM6DS3_ACC_GYRO_driver.c:1736:16:LSM6DS3_ACC_GYRO_W_SIGN_MOT_on_INT1	24	static
LSM6DS3_ACC_GYRO_driver.c:1759:15:LSM6DS3_ACC_GYRO_R_SIGN_MOT_on_INT1	16	static
LSM6DS3_ACC_GYRO_driver.c:1776:16:LSM6DS3_ACC_GYRO_W_PEDO_STEP_on_INT1	24	static
LSM6DS3_ACC_GYRO_driver.c:1799:15:LSM6DS3_ACC_GYRO_R_PEDO_STEP_on_INT1	16	static
LSM6DS3_ACC_GYRO_driver.c:1816:16:LSM6DS3_ACC_GYRO_W_DRDY_XL_on_INT2	24	static
LSM6DS3_ACC_GYRO_driver.c:1839:15:LSM6DS3_ACC_GYRO_R_DRDY_XL_on_INT2	16	static
LSM6DS3_ACC_GYRO_driver.c:1856:16:LSM6DS3_ACC_GYRO_W_DRDY_G_on_INT2	24	static
LSM6DS3_ACC_GYRO_driver.c:1879:15:LSM6DS3_ACC_GYRO_R_DRDY_G_on_INT2	16	static
LSM6DS3_ACC_GYRO_driver.c:1896:16:LSM6DS3_ACC_GYRO_W_DRDY_TEMP_on_INT2	24	static
LSM6DS3_ACC_GYRO_driver.c:1919:15:LSM6DS3_ACC_GYRO_R_DRDY_TEMP_on_INT2	16	static
LSM6DS3_ACC_GYRO_driver.c:1936:16:LSM6DS3_ACC_GYRO_W_FIFO_TSHLD_on_INT2	24	static
LSM6DS3_ACC_GYRO_driver.c:1959:15:LSM6DS3_ACC_GYRO_R_FIFO_TSHLD_on_INT2	16	static
LSM6DS3_ACC_GYRO_driver.c:1976:16:LSM6DS3_ACC_GYRO_W_OVERRUN_on_INT2	24	static
LSM6DS3_ACC_GYRO_driver.c:1999:15:LSM6DS3_ACC_GYRO_R_OVERRUN_on_INT2	16	static
LSM6DS3_ACC_GYRO_driver.c:2016:16:LSM6DS3_ACC_GYRO_W_FSS5_on_INT2	24	static
LSM6DS3_ACC_GYRO_driver.c:2039:15:LSM6DS3_ACC_GYRO_R_FSS5_on_INT2	16	static
LSM6DS3_ACC_GYRO_driver.c:2056:16:LSM6DS3_ACC_GYRO_W_SIGN_MOT_on_INT2	24	static
LSM6DS3_ACC_GYRO_driver.c:2079:15:LSM6DS3_ACC_GYRO_R_SIGN_MOT_on_INT2	16	static
LSM6DS3_ACC_GYRO_driver.c:2096:16:LSM6DS3_ACC_GYRO_W_PEDO_STEP_on_INT2	24	static
LSM6DS3_ACC_GYRO_driver.c:2119:15:LSM6DS3_ACC_GYRO_R_PEDO_STEP_on_INT2	16	static
LSM6DS3_ACC_GYRO_driver.c:2136:16:LSM6DS3_ACC_GYRO_W_SW_RESET	24	static
LSM6DS3_ACC_GYRO_driver.c:2159:15:LSM6DS3_ACC_GYRO_R_SW_RESET	16	static
LSM6DS3_ACC_GYRO_driver.c:2176:16:LSM6DS3_ACC_GYRO_W_BLE	24	static
LSM6DS3_ACC_GYRO_driver.c:2199:15:LSM6DS3_ACC_GYRO_R_BLE	16	static
LSM6DS3_ACC_GYRO_driver.c:2216:16:LSM6DS3_ACC_GYRO_W_IF_Addr_Incr	24	static
LSM6DS3_ACC_GYRO_driver.c:2239:15:LSM6DS3_ACC_GYRO_R_IF_Addr_Incr	16	static
LSM6DS3_ACC_GYRO_driver.c:2256:16:LSM6DS3_ACC_GYRO_W_SPI_Mode	24	static
LSM6DS3_ACC_GYRO_driver.c:2279:15:LSM6DS3_ACC_GYRO_R_SPI_Mode	16	static
LSM6DS3_ACC_GYRO_driver.c:2296:16:LSM6DS3_ACC_GYRO_W_PadSel	24	static
LSM6DS3_ACC_GYRO_driver.c:2319:15:LSM6DS3_ACC_GYRO_R_PadSel	16	static
LSM6DS3_ACC_GYRO_driver.c:2336:16:LSM6DS3_ACC_GYRO_W_INT_ACT_LEVEL	24	static
LSM6DS3_ACC_GYRO_driver.c:2359:15:LSM6DS3_ACC_GYRO_R_INT_ACT_LEVEL	16	static
LSM6DS3_ACC_GYRO_driver.c:2376:16:LSM6DS3_ACC_GYRO_W_BOOT	24	static
LSM6DS3_ACC_GYRO_driver.c:2399:15:LSM6DS3_ACC_GYRO_R_BOOT	16	static
LSM6DS3_ACC_GYRO_driver.c:2416:16:LSM6DS3_ACC_GYRO_W_STOP_ON_FTH	24	static
LSM6DS3_ACC_GYRO_driver.c:2439:15:LSM6DS3_ACC_GYRO_R_STOP_ON_FTH	16	static
LSM6DS3_ACC_GYRO_driver.c:2456:16:LSM6DS3_ACC_GYRO_W_MODE3_Enable	24	static
LSM6DS3_ACC_GYRO_driver.c:2479:15:LSM6DS3_ACC_GYRO_R_MODE3_Enable	16	static
LSM6DS3_ACC_GYRO_driver.c:2496:16:LSM6DS3_ACC_GYRO_W_I2C_DISABLE	24	static
LSM6DS3_ACC_GYRO_driver.c:2519:15:LSM6DS3_ACC_GYRO_R_I2C_DISABLE	16	static
LSM6DS3_ACC_GYRO_driver.c:2536:16:LSM6DS3_ACC_GYRO_W_DRDY_MSK	24	static
LSM6DS3_ACC_GYRO_driver.c:2559:15:LSM6DS3_ACC_GYRO_R_DRDY_MSK	16	static
LSM6DS3_ACC_GYRO_driver.c:2576:16:LSM6DS3_ACC_GYRO_W_FIFO_TEMP_EN	24	static
LSM6DS3_ACC_GYRO_driver.c:2599:15:LSM6DS3_ACC_GYRO_R_FIFO_TEMP_EN	16	static
LSM6DS3_ACC_GYRO_driver.c:2616:16:LSM6DS3_ACC_GYRO_W_INT2_ON_INT1	24	static
LSM6DS3_ACC_GYRO_driver.c:2639:15:LSM6DS3_ACC_GYRO_R_INT2_ON_INT1	16	static
LSM6DS3_ACC_GYRO_driver.c:2656:16:LSM6DS3_ACC_GYRO_W_SleepMode_G	24	static
LSM6DS3_ACC_GYRO_driver.c:2679:15:LSM6DS3_ACC_GYRO_R_SleepMode_G	16	static
LSM6DS3_ACC_GYRO_driver.c:2696:16:LSM6DS3_ACC_GYRO_W_BW_Fixed_By_ODR	24	static
LSM6DS3_ACC_GYRO_driver.c:2719:15:LSM6DS3_ACC_GYRO_R_BW_Fixed_By_ODR	16	static
LSM6DS3_ACC_GYRO_driver.c:2736:16:LSM6DS3_ACC_GYRO_W_SelfTest_XL	24	static
LSM6DS3_ACC_GYRO_driver.c:2759:15:LSM6DS3_ACC_GYRO_R_SelfTest_XL	16	static
LSM6DS3_ACC_GYRO_driver.c:2776:16:LSM6DS3_ACC_GYRO_W_SelfTest_G	24	static
LSM6DS3_ACC_GYRO_driver.c:2799:15:LSM6DS3_ACC_GYRO_R_SelfTest_G	16	static
LSM6DS3_ACC_GYRO_driver.c:2816:16:LSM6DS3_ACC_GYRO_W_CircularBurstMode	24	static
LSM6DS3_ACC_GYRO_driver.c:2840:15:LSM6DS3_ACC_GYRO_R_CircularBurstMode	16	static
LSM6DS3_ACC_GYRO_driver.c:2857:16:LSM6DS3_ACC_GYRO_W_LowPower_XL	24	static
LSM6DS3_ACC_GYRO_driver.c:2880:15:LSM6DS3_ACC_GYRO_R_LowPower_XL	16	static
LSM6DS3_ACC_GYRO_driver.c:2897:16:LSM6DS3_ACC_GYRO_W_DEN_LVL2_EN	24	static
LSM6DS3_ACC_GYRO_driver.c:2920:15:LSM6DS3_ACC_GYRO_R_DEN_LVL2_EN	16	static
LSM6DS3_ACC_GYRO_driver.c:2937:16:LSM6DS3_ACC_GYRO_W_DEN_LVL_EN	24	static
LSM6DS3_ACC_GYRO_driver.c:2960:15:LSM6DS3_ACC_GYRO_R_DEN_LVL_EN	16	static
LSM6DS3_ACC_GYRO_driver.c:2977:16:LSM6DS3_ACC_GYRO_W_DEN_EDGE_EN	24	static
LSM6DS3_ACC_GYRO_driver.c:3000:15:LSM6DS3_ACC_GYRO_R_DEN_EDGE_EN	16	static
LSM6DS3_ACC_GYRO_driver.c:3017:16:LSM6DS3_ACC_GYRO_W_HPCF_G	24	static
LSM6DS3_ACC_GYRO_driver.c:3040:15:LSM6DS3_ACC_GYRO_R_HPCF_G	16	static
LSM6DS3_ACC_GYRO_driver.c:3057:16:LSM6DS3_ACC_GYRO_W_HPFilter_En	24	static
LSM6DS3_ACC_GYRO_driver.c:3080:15:LSM6DS3_ACC_GYRO_R_HPFilter_En	16	static
LSM6DS3_ACC_GYRO_driver.c:3097:16:LSM6DS3_ACC_GYRO_W_LP_Mode	24	static
LSM6DS3_ACC_GYRO_driver.c:3120:15:LSM6DS3_ACC_GYRO_R_LP_Mode	16	static
LSM6DS3_ACC_GYRO_driver.c:3137:16:LSM6DS3_ACC_GYRO_W_ROUNDING_STATUS	24	static
LSM6DS3_ACC_GYRO_driver.c:3160:15:LSM6DS3_ACC_GYRO_R_ROUNDING_STATUS	16	static
LSM6DS3_ACC_GYRO_driver.c:3177:16:LSM6DS3_ACC_GYRO_W_HP_G_RST	24	static
LSM6DS3_ACC_GYRO_driver.c:3200:15:LSM6DS3_ACC_GYRO_R_HP_G_RST	16	static
LSM6DS3_ACC_GYRO_driver.c:3217:16:LSM6DS3_ACC_GYRO_W_LPF2_XL	24	static
LSM6DS3_ACC_GYRO_driver.c:3240:15:LSM6DS3_ACC_GYRO_R_LPF2_XL	16	static
LSM6DS3_ACC_GYRO_driver.c:3257:16:LSM6DS3_ACC_GYRO_W_HPCF_XL	24	static
LSM6DS3_ACC_GYRO_driver.c:3280:15:LSM6DS3_ACC_GYRO_R_HPCF_XL	16	static
LSM6DS3_ACC_GYRO_driver.c:3297:16:LSM6DS3_ACC_GYRO_W_LOW_PASS_ON_6D	24	static
LSM6DS3_ACC_GYRO_driver.c:3320:15:LSM6DS3_ACC_GYRO_R_LOW_PASS_ON_6D	16	static
LSM6DS3_ACC_GYRO_driver.c:3337:16:LSM6DS3_ACC_GYRO_W_HP_SLOPE_XL	24	static
LSM6DS3_ACC_GYRO_driver.c:3360:15:LSM6DS3_ACC_GYRO_R_HP_SLOPE_XL	16	static
LSM6DS3_ACC_GYRO_driver.c:3377:16:LSM6DS3_ACC_GYRO_W_XEN_XL	24	static
LSM6DS3_ACC_GYRO_driver.c:3400:15:LSM6DS3_ACC_GYRO_R_XEN_XL	16	static
LSM6DS3_ACC_GYRO_driver.c:3416:16:LSM6DS3_ACC_GYRO_W_YEN_XL	24	static
LSM6DS3_ACC_GYRO_driver.c:3439:15:LSM6DS3_ACC_GYRO_R_YEN_XL	16	static
LSM6DS3_ACC_GYRO_driver.c:3456:16:LSM6DS3_ACC_GYRO_W_ZEN_XL	24	static
LSM6DS3_ACC_GYRO_driver.c:3479:15:LSM6DS3_ACC_GYRO_R_ZEN_XL	16	static
LSM6DS3_ACC_GYRO_driver.c:3496:16:LSM6DS3_ACC_GYRO_W_SOFT	24	static
LSM6DS3_ACC_GYRO_driver.c:3519:15:LSM6DS3_ACC_GYRO_R_SOFT	16	static
LSM6DS3_ACC_GYRO_driver.c:3536:16:LSM6DS3_ACC_GYRO_W_SignifcantMotion	24	static
LSM6DS3_ACC_GYRO_driver.c:3559:15:LSM6DS3_ACC_GYRO_R_SignifcantMotion	16	static
LSM6DS3_ACC_GYRO_driver.c:3576:16:LSM6DS3_ACC_GYRO_W_PedoStepReset	24	static
LSM6DS3_ACC_GYRO_driver.c:3599:15:LSM6DS3_ACC_GYRO_R_PedoStepReset	16	static
LSM6DS3_ACC_GYRO_driver.c:3616:16:LSM6DS3_ACC_GYRO_W_XEN_G	24	static
LSM6DS3_ACC_GYRO_driver.c:3639:15:LSM6DS3_ACC_GYRO_R_XEN_G	16	static
LSM6DS3_ACC_GYRO_driver.c:3656:16:LSM6DS3_ACC_GYRO_W_YEN_G	24	static
LSM6DS3_ACC_GYRO_driver.c:3679:15:LSM6DS3_ACC_GYRO_R_YEN_G	16	static
LSM6DS3_ACC_GYRO_driver.c:3696:16:LSM6DS3_ACC_GYRO_W_ZEN_G	24	static
LSM6DS3_ACC_GYRO_driver.c:3719:15:LSM6DS3_ACC_GYRO_R_ZEN_G	16	static
LSM6DS3_ACC_GYRO_driver.c:3736:16:LSM6DS3_ACC_GYRO_W_FUNC_EN	24	static
LSM6DS3_ACC_GYRO_driver.c:3759:15:LSM6DS3_ACC_GYRO_R_FUNC_EN	16	static
LSM6DS3_ACC_GYRO_driver.c:3776:16:LSM6DS3_ACC_GYRO_W_I2C_MASTER_Enable	24	static
LSM6DS3_ACC_GYRO_driver.c:3799:15:LSM6DS3_ACC_GYRO_R_I2C_MASTER_Enable	16	static
LSM6DS3_ACC_GYRO_driver.c:3816:16:LSM6DS3_ACC_GYRO_W_IronCorrection_EN	24	static
LSM6DS3_ACC_GYRO_driver.c:3839:15:LSM6DS3_ACC_GYRO_R_IronCorrection_EN	16	static
LSM6DS3_ACC_GYRO_driver.c:3856:16:LSM6DS3_ACC_GYRO_W_PASS_THRU_MODE	24	static
LSM6DS3_ACC_GYRO_driver.c:3879:15:LSM6DS3_ACC_GYRO_R_PASS_THRU_MODE	16	static
LSM6DS3_ACC_GYRO_driver.c:3896:16:LSM6DS3_ACC_GYRO_W_PULL_UP_EN	24	static
LSM6DS3_ACC_GYRO_driver.c:3919:15:LSM6DS3_ACC_GYRO_R_PULL_UP_EN	16	static
LSM6DS3_ACC_GYRO_driver.c:3936:16:LSM6DS3_ACC_GYRO_W_SensorHUB_Trigger_Sel	24	static
LSM6DS3_ACC_GYRO_driver.c:3959:15:LSM6DS3_ACC_GYRO_R_SensorHUB_Trigger_Sel	16	static
LSM6DS3_ACC_GYRO_driver.c:3976:16:LSM6DS3_ACC_GYRO_W_DATA_VAL_SEL_FIFO	24	static
LSM6DS3_ACC_GYRO_driver.c:3999:15:LSM6DS3_ACC_GYRO_R_DATA_VAL_SEL_FIFO	16	static
LSM6DS3_ACC_GYRO_driver.c:4016:16:LSM6DS3_ACC_GYRO_W_DRDY_ON_INT1	24	static
LSM6DS3_ACC_GYRO_driver.c:4039:15:LSM6DS3_ACC_GYRO_R_DRDY_ON_INT1	16	static
LSM6DS3_ACC_GYRO_driver.c:4056:15:LSM6DS3_ACC_GYRO_R_Z_WU	16	static
LSM6DS3_ACC_GYRO_driver.c:4073:15:LSM6DS3_ACC_GYRO_R_Y_WU	16	static
LSM6DS3_ACC_GYRO_driver.c:4090:15:LSM6DS3_ACC_GYRO_R_X_WU	16	static
LSM6DS3_ACC_GYRO_driver.c:4107:15:LSM6DS3_ACC_GYRO_R_WU_EV_STATUS	16	static
LSM6DS3_ACC_GYRO_driver.c:4124:15:LSM6DS3_ACC_GYRO_R_SLEEP_EV_STATUS	16	static
LSM6DS3_ACC_GYRO_driver.c:4141:15:LSM6DS3_ACC_GYRO_R_FF_EV_STATUS	16	static
LSM6DS3_ACC_GYRO_driver.c:4158:15:LSM6DS3_ACC_GYRO_R_Z_TAP	16	static
LSM6DS3_ACC_GYRO_driver.c:4175:15:LSM6DS3_ACC_GYRO_R_Y_TAP	16	static
LSM6DS3_ACC_GYRO_driver.c:4192:15:LSM6DS3_ACC_GYRO_R_X_TAP	16	static
LSM6DS3_ACC_GYRO_driver.c:4209:15:LSM6DS3_ACC_GYRO_R_TAP_SIGN	16	static
LSM6DS3_ACC_GYRO_driver.c:4226:15:LSM6DS3_ACC_GYRO_R_DOUBLE_TAP_EV_STATUS	16	static
LSM6DS3_ACC_GYRO_driver.c:4243:15:LSM6DS3_ACC_GYRO_R_SINGLE_TAP_EV_STATUS	16	static
LSM6DS3_ACC_GYRO_driver.c:4260:15:LSM6DS3_ACC_GYRO_R_TAP_EV_STATUS	16	static
LSM6DS3_ACC_GYRO_driver.c:4277:15:LSM6DS3_ACC_GYRO_R_DSD_XL	16	static
LSM6DS3_ACC_GYRO_driver.c:4294:15:LSM6DS3_ACC_GYRO_R_DSD_XH	16	static
LSM6DS3_ACC_GYRO_driver.c:4311:15:LSM6DS3_ACC_GYRO_R_DSD_YL	16	static
LSM6DS3_ACC_GYRO_driver.c:4328:15:LSM6DS3_ACC_GYRO_R_DSD_YH	16	static
LSM6DS3_ACC_GYRO_driver.c:4345:15:LSM6DS3_ACC_GYRO_R_DSD_ZL	16	static
LSM6DS3_ACC_GYRO_driver.c:4362:15:LSM6DS3_ACC_GYRO_R_DSD_ZH	16	static
LSM6DS3_ACC_GYRO_driver.c:4379:15:LSM6DS3_ACC_GYRO_R_D6D_EV_STATUS	16	static
LSM6DS3_ACC_GYRO_driver.c:4396:15:LSM6DS3_ACC_GYRO_R_XLDA	16	static
LSM6DS3_ACC_GYRO_driver.c:4413:15:LSM6DS3_ACC_GYRO_R_GDA	16	static
LSM6DS3_ACC_GYRO_driver.c:4430:15:LSM6DS3_ACC_GYRO_R_TDA	16	static
LSM6DS3_ACC_GYRO_driver.c:4447:15:LSM6DS3_ACC_GYRO_R_EV_BOOT	16	static
LSM6DS3_ACC_GYRO_driver.c:4464:15:LSM6DS3_ACC_GYRO_R_FIFONumOfEntries	24	static
LSM6DS3_ACC_GYRO_driver.c:4494:15:LSM6DS3_ACC_GYRO_R_FIFOEmpty	16	static
LSM6DS3_ACC_GYRO_driver.c:4511:15:LSM6DS3_ACC_GYRO_R_FIFOFull	16	static
LSM6DS3_ACC_GYRO_driver.c:4528:15:LSM6DS3_ACC_GYRO_R_OVERRUN	16	static
LSM6DS3_ACC_GYRO_driver.c:4545:15:LSM6DS3_ACC_GYRO_R_WaterMark	16	static
LSM6DS3_ACC_GYRO_driver.c:4562:15:LSM6DS3_ACC_GYRO_R_FIFOPattern	24	static
LSM6DS3_ACC_GYRO_driver.c:4592:15:LSM6DS3_ACC_GYRO_R_SENS_HUB_END	16	static
LSM6DS3_ACC_GYRO_driver.c:4609:15:LSM6DS3_ACC_GYRO_R_SOFT_IRON_END	16	static
LSM6DS3_ACC_GYRO_driver.c:4626:15:LSM6DS3_ACC_GYRO_R_STEP_OVERFLOW	16	static
LSM6DS3_ACC_GYRO_driver.c:4643:15:LSM6DS3_ACC_GYRO_R_STEP_COUNT_DELTA	16	static
LSM6DS3_ACC_GYRO_driver.c:4660:15:LSM6DS3_ACC_GYRO_R_PEDO_EV_STATUS	16	static
LSM6DS3_ACC_GYRO_driver.c:4677:15:LSM6DS3_ACC_GYRO_R_TILT_EV_STATUS	16	static
LSM6DS3_ACC_GYRO_driver.c:4694:15:LSM6DS3_ACC_GYRO_R_SIGN_MOT_EV_STATUS	16	static
LSM6DS3_ACC_GYRO_driver.c:4711:16:LSM6DS3_ACC_GYRO_W_LIR	24	static
LSM6DS3_ACC_GYRO_driver.c:4734:15:LSM6DS3_ACC_GYRO_R_LIR	16	static
LSM6DS3_ACC_GYRO_driver.c:4751:16:LSM6DS3_ACC_GYRO_W_TAP_Z_EN	24	static
LSM6DS3_ACC_GYRO_driver.c:4774:15:LSM6DS3_ACC_GYRO_R_TAP_Z_EN	16	static
LSM6DS3_ACC_GYRO_driver.c:4791:16:LSM6DS3_ACC_GYRO_W_TAP_Y_EN	24	static
LSM6DS3_ACC_GYRO_driver.c:4814:15:LSM6DS3_ACC_GYRO_R_TAP_Y_EN	16	static
LSM6DS3_ACC_GYRO_driver.c:4831:16:LSM6DS3_ACC_GYRO_W_TAP_X_EN	24	static
LSM6DS3_ACC_GYRO_driver.c:4854:15:LSM6DS3_ACC_GYRO_R_TAP_X_EN	16	static
LSM6DS3_ACC_GYRO_driver.c:4871:16:LSM6DS3_ACC_GYRO_W_TILT_EN	24	static
LSM6DS3_ACC_GYRO_driver.c:4894:15:LSM6DS3_ACC_GYRO_R_TILT_EN	16	static
LSM6DS3_ACC_GYRO_driver.c:4911:16:LSM6DS3_ACC_GYRO_W_SLOPE_FDS	24	static
LSM6DS3_ACC_GYRO_driver.c:4934:15:LSM6DS3_ACC_GYRO_R_SLOPE_FDS	16	static
LSM6DS3_ACC_GYRO_driver.c:4951:16:LSM6DS3_ACC_GYRO_W_PEDO_EN	24	static
LSM6DS3_ACC_GYRO_driver.c:4974:15:LSM6DS3_ACC_GYRO_R_PEDO_EN	16	static
LSM6DS3_ACC_GYRO_driver.c:4991:16:LSM6DS3_ACC_GYRO_W_TIMER_EN	24	static
LSM6DS3_ACC_GYRO_driver.c:5014:15:LSM6DS3_ACC_GYRO_R_TIMER_EN	16	static
LSM6DS3_ACC_GYRO_driver.c:5031:16:LSM6DS3_ACC_GYRO_W_TAP_THS	24	static
LSM6DS3_ACC_GYRO_driver.c:5057:15:LSM6DS3_ACC_GYRO_R_TAP_THS	16	static
LSM6DS3_ACC_GYRO_driver.c:5075:16:LSM6DS3_ACC_GYRO_W_SIXD_THS	24	static
LSM6DS3_ACC_GYRO_driver.c:5098:15:LSM6DS3_ACC_GYRO_R_SIXD_THS	16	static
LSM6DS3_ACC_GYRO_driver.c:5115:16:LSM6DS3_ACC_GYRO_W_D4D	24	static
LSM6DS3_ACC_GYRO_driver.c:5138:15:LSM6DS3_ACC_GYRO_R_D4D	16	static
LSM6DS3_ACC_GYRO_driver.c:5155:16:LSM6DS3_ACC_GYRO_W_SHOCK_Duration	24	static
LSM6DS3_ACC_GYRO_driver.c:5181:15:LSM6DS3_ACC_GYRO_R_SHOCK_Duration	16	static
LSM6DS3_ACC_GYRO_driver.c:5199:16:LSM6DS3_ACC_GYRO_W_QUIET_Duration	24	static
LSM6DS3_ACC_GYRO_driver.c:5225:15:LSM6DS3_ACC_GYRO_R_QUIET_Duration	16	static
LSM6DS3_ACC_GYRO_driver.c:5243:16:LSM6DS3_ACC_GYRO_W_DUR	24	static
LSM6DS3_ACC_GYRO_driver.c:5269:15:LSM6DS3_ACC_GYRO_R_DUR	16	static
LSM6DS3_ACC_GYRO_driver.c:5287:16:LSM6DS3_ACC_GYRO_W_WK_THS	24	static
LSM6DS3_ACC_GYRO_driver.c:5313:15:LSM6DS3_ACC_GYRO_R_WK_THS	16	static
LSM6DS3_ACC_GYRO_driver.c:5331:16:LSM6DS3_ACC_GYRO_W_INACTIVITY_ON	24	static
LSM6DS3_ACC_GYRO_driver.c:5354:15:LSM6DS3_ACC_GYRO_R_INACTIVITY_ON	16	static
LSM6DS3_ACC_GYRO_driver.c:5371:16:LSM6DS3_ACC_GYRO_W_SINGLE_DOUBLE_TAP_EV	24	static
LSM6DS3_ACC_GYRO_driver.c:5394:15:LSM6DS3_ACC_GYRO_R_SINGLE_DOUBLE_TAP_EV	16	static
LSM6DS3_ACC_GYRO_driver.c:5411:16:LSM6DS3_ACC_GYRO_W_SLEEP_DUR	24	static
LSM6DS3_ACC_GYRO_driver.c:5437:15:LSM6DS3_ACC_GYRO_R_SLEEP_DUR	16	static
LSM6DS3_ACC_GYRO_driver.c:5455:16:LSM6DS3_ACC_GYRO_W_TIMER_HR	24	static
LSM6DS3_ACC_GYRO_driver.c:5478:15:LSM6DS3_ACC_GYRO_R_TIMER_HR	16	static
LSM6DS3_ACC_GYRO_driver.c:5495:16:LSM6DS3_ACC_GYRO_W_WAKE_DUR	24	static
LSM6DS3_ACC_GYRO_driver.c:5521:15:LSM6DS3_ACC_GYRO_R_WAKE_DUR	16	static
LSM6DS3_ACC_GYRO_driver.c:5539:16:LSM6DS3_ACC_GYRO_W_FF_THS	24	static
LSM6DS3_ACC_GYRO_driver.c:5562:15:LSM6DS3_ACC_GYRO_R_FF_THS	16	static
LSM6DS3_ACC_GYRO_driver.c:5579:16:LSM6DS3_ACC_GYRO_W_FF_Duration	24	static
LSM6DS3_ACC_GYRO_driver.c:5623:15:LSM6DS3_ACC_GYRO_R_FF_Duration	24	static
LSM6DS3_ACC_GYRO_driver.c:5653:16:LSM6DS3_ACC_GYRO_W_TimerEvRouteInt1	24	static
LSM6DS3_ACC_GYRO_driver.c:5676:15:LSM6DS3_ACC_GYRO_R_TimerEvRouteInt1	16	static
LSM6DS3_ACC_GYRO_driver.c:5693:16:LSM6DS3_ACC_GYRO_W_TiltEvOnInt1	24	static
LSM6DS3_ACC_GYRO_driver.c:5716:15:LSM6DS3_ACC_GYRO_R_TiltEvOnInt1	16	static
LSM6DS3_ACC_GYRO_driver.c:5733:16:LSM6DS3_ACC_GYRO_W_6DEvOnInt1	24	static
LSM6DS3_ACC_GYRO_driver.c:5756:15:LSM6DS3_ACC_GYRO_R_6DEvOnInt1	16	static
LSM6DS3_ACC_GYRO_driver.c:5773:16:LSM6DS3_ACC_GYRO_W_TapEvOnInt1	24	static
LSM6DS3_ACC_GYRO_driver.c:5796:15:LSM6DS3_ACC_GYRO_R_TapEvOnInt1	16	static
LSM6DS3_ACC_GYRO_driver.c:5813:16:LSM6DS3_ACC_GYRO_W_FFEvOnInt1	24	static
LSM6DS3_ACC_GYRO_driver.c:5836:15:LSM6DS3_ACC_GYRO_R_FFEvOnInt1	16	static
LSM6DS3_ACC_GYRO_driver.c:5853:16:LSM6DS3_ACC_GYRO_W_WUEvOnInt1	24	static
LSM6DS3_ACC_GYRO_driver.c:5876:15:LSM6DS3_ACC_GYRO_R_WUEvOnInt1	16	static
LSM6DS3_ACC_GYRO_driver.c:5893:16:LSM6DS3_ACC_GYRO_W_SingleTapOnInt1	24	static
LSM6DS3_ACC_GYRO_driver.c:5916:15:LSM6DS3_ACC_GYRO_R_SingleTapOnInt1	16	static
LSM6DS3_ACC_GYRO_driver.c:5933:16:LSM6DS3_ACC_GYRO_W_SleepEvOnInt1	24	static
LSM6DS3_ACC_GYRO_driver.c:5956:15:LSM6DS3_ACC_GYRO_R_SleepEvOnInt1	16	static
LSM6DS3_ACC_GYRO_driver.c:5973:16:LSM6DS3_ACC_GYRO_W_TimerEvRouteInt2	24	static
LSM6DS3_ACC_GYRO_driver.c:5996:15:LSM6DS3_ACC_GYRO_R_TimerEvRouteInt2	16	static
LSM6DS3_ACC_GYRO_driver.c:6013:16:LSM6DS3_ACC_GYRO_W_TiltEvOnInt2	24	static
LSM6DS3_ACC_GYRO_driver.c:6036:15:LSM6DS3_ACC_GYRO_R_TiltEvOnInt2	16	static
LSM6DS3_ACC_GYRO_driver.c:6053:16:LSM6DS3_ACC_GYRO_W_6DEvOnInt2	24	static
LSM6DS3_ACC_GYRO_driver.c:6076:15:LSM6DS3_ACC_GYRO_R_6DEvOnInt2	16	static
LSM6DS3_ACC_GYRO_driver.c:6092:16:LSM6DS3_ACC_GYRO_W_TapEvOnInt2	24	static
LSM6DS3_ACC_GYRO_driver.c:6115:15:LSM6DS3_ACC_GYRO_R_TapEvOnInt2	16	static
LSM6DS3_ACC_GYRO_driver.c:6132:16:LSM6DS3_ACC_GYRO_W_FFEvOnInt2	24	static
LSM6DS3_ACC_GYRO_driver.c:6155:15:LSM6DS3_ACC_GYRO_R_FFEvOnInt2	16	static
LSM6DS3_ACC_GYRO_driver.c:6172:16:LSM6DS3_ACC_GYRO_W_WUEvOnInt2	24	static
LSM6DS3_ACC_GYRO_driver.c:6195:15:LSM6DS3_ACC_GYRO_R_WUEvOnInt2	16	static
LSM6DS3_ACC_GYRO_driver.c:6212:16:LSM6DS3_ACC_GYRO_W_SingleTapOnInt2	24	static
LSM6DS3_ACC_GYRO_driver.c:6235:15:LSM6DS3_ACC_GYRO_R_SingleTapOnInt2	16	static
LSM6DS3_ACC_GYRO_driver.c:6252:16:LSM6DS3_ACC_GYRO_W_SleepEvOnInt2	24	static
LSM6DS3_ACC_GYRO_driver.c:6275:15:LSM6DS3_ACC_GYRO_R_SleepEvOnInt2	16	static
LSM6DS3_ACC_GYRO_driver.c:6292:15:LSM6DS3_ACC_GYRO_Get_GetFIFOData	24	static
LSM6DS3_ACC_GYRO_driver.c:6320:15:LSM6DS3_ACC_GYRO_Get_GetTimestamp	24	static
LSM6DS3_ACC_GYRO_driver.c:6348:15:LSM6DS3_ACC_GYRO_Get_GetStepCounter	24	static
LSM6DS3_ACC_GYRO_driver.c:6376:16:LSM6DS3_ACC_GYRO_W_PedoThreshold	24	static
LSM6DS3_ACC_GYRO_driver.c:6406:15:LSM6DS3_ACC_GYRO_SH_init_SI_Matrix	16	static
LSM6DS3_ACC_GYRO_driver.c:6421:15:LSM6DS3_ACC_GYRO_SH0_Program	16	static
LSM6DS3_ACC_GYRO_driver.c:6450:15:LSM6DS3_ACC_GYRO_SH0_ReadMem	32	static
LSM6DS3_ACC_GYRO_driver.c:6477:15:LSM6DS3_ACC_GYRO_SH0_WriteByte	16	static
