Archive member included to satisfy reference by file (symbol)

c:/st/stm32cubeide_1.6.1/stm32cubeide/plugins/com.st.stm32cube.ide.mcu.externaltools.gnu-tools-for-stm32.9-2020-q2-update.win32_1.5.0.202011040924/tools/bin/../lib/gcc/arm-none-eabi/9.3.1/../../../../arm-none-eabi/lib/thumb/v7e-m+fp/hard\libc_nano.a(lib_a-errno.o)
                              Core/Src/syscalls.o (__errno)
c:/st/stm32cubeide_1.6.1/stm32cubeide/plugins/com.st.stm32cube.ide.mcu.externaltools.gnu-tools-for-stm32.9-2020-q2-update.win32_1.5.0.202011040924/tools/bin/../lib/gcc/arm-none-eabi/9.3.1/../../../../arm-none-eabi/lib/thumb/v7e-m+fp/hard\libc_nano.a(lib_a-exit.o)
                              c:/st/stm32cubeide_1.6.1/stm32cubeide/plugins/com.st.stm32cube.ide.mcu.externaltools.gnu-tools-for-stm32.9-2020-q2-update.win32_1.5.0.202011040924/tools/bin/../lib/gcc/arm-none-eabi/9.3.1/../../../../arm-none-eabi/lib/thumb/v7e-m+fp/hard/crt0.o (exit)
c:/st/stm32cubeide_1.6.1/stm32cubeide/plugins/com.st.stm32cube.ide.mcu.externaltools.gnu-tools-for-stm32.9-2020-q2-update.win32_1.5.0.202011040924/tools/bin/../lib/gcc/arm-none-eabi/9.3.1/../../../../arm-none-eabi/lib/thumb/v7e-m+fp/hard\libc_nano.a(lib_a-impure.o)
                              c:/st/stm32cubeide_1.6.1/stm32cubeide/plugins/com.st.stm32cube.ide.mcu.externaltools.gnu-tools-for-stm32.9-2020-q2-update.win32_1.5.0.202011040924/tools/bin/../lib/gcc/arm-none-eabi/9.3.1/../../../../arm-none-eabi/lib/thumb/v7e-m+fp/hard\libc_nano.a(lib_a-exit.o) (_global_impure_ptr)
c:/st/stm32cubeide_1.6.1/stm32cubeide/plugins/com.st.stm32cube.ide.mcu.externaltools.gnu-tools-for-stm32.9-2020-q2-update.win32_1.5.0.202011040924/tools/bin/../lib/gcc/arm-none-eabi/9.3.1/../../../../arm-none-eabi/lib/thumb/v7e-m+fp/hard\libc_nano.a(lib_a-init.o)
                              c:/st/stm32cubeide_1.6.1/stm32cubeide/plugins/com.st.stm32cube.ide.mcu.externaltools.gnu-tools-for-stm32.9-2020-q2-update.win32_1.5.0.202011040924/tools/bin/../lib/gcc/arm-none-eabi/9.3.1/../../../../arm-none-eabi/lib/thumb/v7e-m+fp/hard/crt0.o (__libc_init_array)
c:/st/stm32cubeide_1.6.1/stm32cubeide/plugins/com.st.stm32cube.ide.mcu.externaltools.gnu-tools-for-stm32.9-2020-q2-update.win32_1.5.0.202011040924/tools/bin/../lib/gcc/arm-none-eabi/9.3.1/../../../../arm-none-eabi/lib/thumb/v7e-m+fp/hard\libc_nano.a(lib_a-memcpy-stub.o)
                              Middlewares/Third_Party/FreeRTOS/Source/CMSIS_RTOS_V2/cmsis_os2.o (memcpy)
c:/st/stm32cubeide_1.6.1/stm32cubeide/plugins/com.st.stm32cube.ide.mcu.externaltools.gnu-tools-for-stm32.9-2020-q2-update.win32_1.5.0.202011040924/tools/bin/../lib/gcc/arm-none-eabi/9.3.1/../../../../arm-none-eabi/lib/thumb/v7e-m+fp/hard\libc_nano.a(lib_a-memset.o)
                              c:/st/stm32cubeide_1.6.1/stm32cubeide/plugins/com.st.stm32cube.ide.mcu.externaltools.gnu-tools-for-stm32.9-2020-q2-update.win32_1.5.0.202011040924/tools/bin/../lib/gcc/arm-none-eabi/9.3.1/../../../../arm-none-eabi/lib/thumb/v7e-m+fp/hard/crt0.o (memset)
c:/st/stm32cubeide_1.6.1/stm32cubeide/plugins/com.st.stm32cube.ide.mcu.externaltools.gnu-tools-for-stm32.9-2020-q2-update.win32_1.5.0.202011040924/tools/bin/../lib/gcc/arm-none-eabi/9.3.1/thumb/v7e-m+fp/hard\libgcc.a(_aeabi_ldivmod.o)
                              Core/Src/LSM6DS3_ACC_GYRO_driver.o (__aeabi_ldivmod)
c:/st/stm32cubeide_1.6.1/stm32cubeide/plugins/com.st.stm32cube.ide.mcu.externaltools.gnu-tools-for-stm32.9-2020-q2-update.win32_1.5.0.202011040924/tools/bin/../lib/gcc/arm-none-eabi/9.3.1/thumb/v7e-m+fp/hard\libgcc.a(_udivmoddi4.o)
                              c:/st/stm32cubeide_1.6.1/stm32cubeide/plugins/com.st.stm32cube.ide.mcu.externaltools.gnu-tools-for-stm32.9-2020-q2-update.win32_1.5.0.202011040924/tools/bin/../lib/gcc/arm-none-eabi/9.3.1/thumb/v7e-m+fp/hard\libgcc.a(_aeabi_ldivmod.o) (__udivmoddi4)
c:/st/stm32cubeide_1.6.1/stm32cubeide/plugins/com.st.stm32cube.ide.mcu.externaltools.gnu-tools-for-stm32.9-2020-q2-update.win32_1.5.0.202011040924/tools/bin/../lib/gcc/arm-none-eabi/9.3.1/thumb/v7e-m+fp/hard\libgcc.a(_dvmd_tls.o)
                              c:/st/stm32cubeide_1.6.1/stm32cubeide/plugins/com.st.stm32cube.ide.mcu.externaltools.gnu-tools-for-stm32.9-2020-q2-update.win32_1.5.0.202011040924/tools/bin/../lib/gcc/arm-none-eabi/9.3.1/thumb/v7e-m+fp/hard\libgcc.a(_aeabi_ldivmod.o) (__aeabi_ldiv0)

Allocating common symbols
Common symbol       size              file

defaultTaskHandle   0x4               Core/Src/freertos.o
hi2c1               0x4c              Core/Src/i2c.o
hcan                0x28              Core/Src/can.o
uwTick              0x4               Drivers/STM32F3xx_HAL_Driver/Src/stm32f3xx_hal.o
xQueueRegistry      0x40              Middlewares/Third_Party/FreeRTOS/Source/queue.o
pFlash              0x20              Drivers/STM32F3xx_HAL_Driver/Src/stm32f3xx_hal_flash.o
imu_task_handle     0x4               Core/Src/freertos.o
htim2               0x4c              Core/Src/stm32f3xx_hal_timebase_tim.o
[...]
Memory Configuration

Name             Origin             Length             Attributes
CCMRAM           0x0000000010000000 0x0000000000001000 xrw
RAM              0x0000000020000000 0x0000000000003000 xrw
FLASH            0x0000000008000000 0x0000000000010000 xr
*default*        0x0000000000000000 0xffffffffffffffff

Linker script and memory map

LOAD c:/st/stm32cubeide_1.6.1/stm32cubeide/plugins/com.st.stm32cube.ide.mcu.externaltools.gnu-tools-for-stm32.9-2020-q2-update.win32_1.5.0.202011040924/tools/bin/../lib/gcc/arm-none-eabi/9.3.1/thumb/v7e-m+fp/hard/crti.o
LOAD c:/st/stm32cubeide_1.6.1/stm32cubeide/plugins/com.st.stm32cube.ide.mcu.externaltools.gnu-tools-for-stm32.9-2020-q2-update.win32_1.5.0.202011040924/tools/bin/../lib/gcc/arm-none-eabi/9.3.1/thumb/v7e-m+fp/hard/crtbegin.o
LOAD c:/st/stm32cubeide_1.6.1/stm32cubeide/plugins/com.st.stm32cube.ide.mcu.externaltools.gnu-tools-for-stm32.9-2020-q2-update.win32_1.5.0.202011040924/tools/bin/../lib/gcc/arm-none-eabi/9.3.1/../../../../arm-none-eabi/lib/thumb/v7e-m+fp/hard/crt0.o
LOAD Core/Src/LSM6DS3_ACC_GYRO_driver.o
LOAD Core/Src/can.o
LOAD Core/Src/freertos.o
LOAD Core/Src/gpio.o
LOAD Core/Src/i2c.o
LOAD Core/Src/imu_task.o
LOAD Core/Src/main.o
LOAD Core/Src/stm32f3xx_hal_msp.o
LOAD Core/Src/stm32f3xx_hal_timebase_tim.o
LOAD Core/Src/stm32f3xx_it.o
LOAD Core/Src/syscalls.o
LOAD Core/Src/sysmem.o
LOAD Core/Src/system_stm32f3xx.o
LOAD Core/Src/usart.o
LOAD Core/Startup/startup_stm32f303k8tx.o
LOAD Drivers/STM32F3xx_HAL_Driver/Src/stm32f3xx_hal.o
LOAD Drivers/STM32F3xx_HAL_Driver/Src/stm32f3xx_hal_can.o
LOAD Drivers/STM32F3xx_HAL_Driver/Src/stm32f3xx_hal_cortex.o
LOAD Drivers/STM32F3xx_HAL_Driver/Src/stm32f3xx_hal_dma.o
LOAD Drivers/STM32F3xx_HAL_Driver/Src/stm32f3xx_hal_exti.o
LOAD Drivers/STM32F3xx_HAL_Driver/Src/stm32f3xx_hal_flash.o
LOAD Drivers/STM32F3xx_HAL_Driver/Src/stm32f3xx_hal_flash_ex.o
LOAD Drivers/STM32F3xx_HAL_Driver/Src/stm32f3xx_hal_gpio.o
LOAD Drivers/STM32F3xx_HAL_Driver/Src/stm32f3xx_hal_i2c.o
LOAD Drivers/STM32F3xx_HAL_Driver/Src/stm32f3xx_hal_i2c_ex.o
LOAD Drivers/STM32F3xx_HAL_Driver/Src/stm32f3xx_hal_pwr.o
LOAD Drivers/STM32F3xx_HAL_Driver/Src/stm32f3xx_hal_pwr_ex.o
LOAD Drivers/STM32F3xx_HAL_Driver/Src/stm32f3xx_hal_rcc.o
LOAD Drivers/STM32F3xx_HAL_Driver/Src/stm32f3xx_hal_rcc_ex.o
LOAD Drivers/STM32F3xx_HAL_Driver/Src/stm32f3xx_hal_tim.o
LOAD Drivers/STM32F3xx_HAL_Driver/Src/stm32f3xx_hal_tim_ex.o
LOAD Drivers/STM32F3xx_HAL_Driver/Src/stm32f3xx_hal_uart.o
LOAD Drivers/STM32F3xx_HAL_Driver/Src/stm32f3xx_hal_uart_ex.o
LOAD Middlewares/Third_Party/FreeRTOS/Source/CMSIS_RTOS_V2/cmsis_os2.o
LOAD Middlewares/Third_Party/FreeRTOS/Source/croutine.o
LOAD Middlewares/Third_Party/FreeRTOS/Source/event_groups.o
LOAD Middlewares/Third_Party/FreeRTOS/Source/list.o
LOAD Middlewares/Third_Party/FreeRTOS/Source/queue.o
LOAD Middlewares/Third_Party/FreeRTOS/Source/stream_buffer.o
LOAD Middlewares/Third_Party/FreeRTOS/Source/tasks.o
LOAD Middlewares/Third_Party/FreeRTOS/Source/timers.o
LOAD Middlewares/Third_Party/FreeRTOS/Source/portable/GCC/ARM_CM4F/port.o
LOAD Middlewares/Third_Party/FreeRTOS/Source/portable/MemMang/heap_4.o
START GROUP
LOAD c:/st/stm32cubeide_1.6.1/stm32cubeide/plugins/com.st.stm32cube.ide.mcu.externaltools.gnu-tools-for-stm32.9-2020-q2-update.win32_1.5.0.202011040924/tools/bin/../lib/gcc/arm-none-eabi/9.3.1/../../../../arm-none-eabi/lib/thumb/v7e-m+fp/hard\libc_nano.a
LOAD c:/st/stm32cubeide_1.6.1/stm32cubeide/plugins/com.st.stm32cube.ide.mcu.externaltools.gnu-tools-for-stm32.9-2020-q2-update.win32_1.5.0.202011040924/tools/bin/../lib/gcc/arm-none-eabi/9.3.1/../../../../arm-none-eabi/lib/thumb/v7e-m+fp/hard\libm.a
END GROUP
START GROUP
LOAD c:/st/stm32cubeide_1.6.1/stm32cubeide/plugins/com.st.stm32cube.ide.mcu.externaltools.gnu-tools-for-stm32.9-2020-q2-update.win32_1.5.0.202011040924/tools/bin/../lib/gcc/arm-none-eabi/9.3.1/thumb/v7e-m+fp/hard\libgcc.a
LOAD c:/st/stm32cubeide_1.6.1/stm32cubeide/plugins/com.st.stm32cube.ide.mcu.externaltools.gnu-tools-for-stm32.9-2020-q2-update.win32_1.5.0.202011040924/tools/bin/../lib/gcc/arm-none-eabi/9.3.1/../../../../arm-none-eabi/lib/thumb/v7e-m+fp/hard\libc_nano.a
END GROUP
START GROUP
LOAD c:/st/stm32cubeide_1.6.1/stm32cubeide/plugins/com.st.stm32cube.ide.mcu.externaltools.gnu-tools-for-stm32.9-2020-q2-update.win32_1.5.0.202011040924/tools/bin/../lib/gcc/arm-none-eabi/9.3.1/thumb/v7e-m+fp/hard\libgcc.a
LOAD c:/st/stm32cubeide_1.6.1/stm32cubeide/plugins/com.st.stm32cube.ide.mcu.externaltools.gnu-tools-for-stm32.9-2020-q2-update.win32_1.5.0.202011040924/tools/bin/../lib/gcc/arm-none-eabi/9.3.1/../../../../arm-none-eabi/lib/thumb/v7e-m+fp/hard\libc_nano.a
LOAD c:/st/stm32cubeide_1.6.1/stm32cubeide/plugins/com.st.stm32cube.ide.mcu.externaltools.gnu-tools-for-stm32.9-2020-q2-update.win32_1.5.0.202011040924/tools/bin/../lib/gcc/arm-none-eabi/9.3.1/../../../../arm-none-eabi/lib/thumb/v7e-m+fp/hard\libnosys.a
END GROUP
START GROUP
LOAD c:/st/stm32cubeide_1.6.1/stm32cubeide/plugins/com.st.stm32cube.ide.mcu.externaltools.gnu-tools-for-stm32.9-2020-q2-update.win32_1.5.0.202011040924/tools/bin/../lib/gcc/arm-none-eabi/9.3.1/thumb/v7e-m+fp/hard\libgcc.a
LOAD c:/st/stm32cubeide_1.6.1/stm32cubeide/plugins/com.st.stm32cube.ide.mcu.externaltools.gnu-tools-for-stm32.9-2020-q2-update.win32_1.5.0.202011040924/tools/bin/../lib/gcc/arm-none-eabi/9.3.1/../../../../arm-none-eabi/lib/thumb/v7e-m+fp/hard\libc_nano.a
LOAD c:/st/stm32cubeide_1.6.1/stm32cubeide/plugins/com.st.stm32cube.ide.mcu.externaltools.gnu-tools-for-stm32.9-2020-q2-update.win32_1.5.0.202011040924/tools/bin/../lib/gcc/arm-none-eabi/9.3.1/../../../../arm-none-eabi/lib/thumb/v7e-m+fp/hard\libnosys.a
END GROUP
LOAD c:/st/stm32cubeide_1.6.1/stm32cubeide/plugins/com.st.stm32cube.ide.mcu.externaltools.gnu-tools-for-stm32.9-2020-q2-update.win32_1.5.0.202011040924/tools/bin/../lib/gcc/arm-none-eabi/9.3.1/thumb/v7e-m+fp/hard/crtend.o
LOAD c:/st/stm32cubeide_1.6.1/stm32cubeide/plugins/com.st.stm32cube.ide.mcu.externaltools.gnu-tools-for-stm32.9-2020-q2-update.win32_1.5.0.202011040924/tools/bin/../lib/gcc/arm-none-eabi/9.3.1/thumb/v7e-m+fp/hard/crtn.o
                0x0000000020003000                _estack = (ORIGIN (RAM) + LENGTH (RAM))
                0x0000000000000200                _Min_Heap_Size = 0x200
                0x0000000000000400                _Min_Stack_Size = 0x400

.isr_vector     0x0000000008000000      0x188
                0x0000000008000000                . = ALIGN (0x4)
 *(.isr_vector)
 .isr_vector    0x0000000008000000      0x188 Core/Startup/startup_stm32f303k8tx.o
                0x0000000008000000                g_pfnVectors
                0x0000000008000188                . = ALIGN (0x4)

.text           0x0000000008000190     0x6988
                0x0000000008000190                . = ALIGN (0x4)
 *(.text)
 .text          0x0000000008000190       0x40 c:/st/stm32cubeide_1.6.1/stm32cubeide/plugins/com.st.stm32cube.ide.mcu.externaltools.gnu-tools-for-stm32.9-2020-q2-update.win32_1.5.0.202011040924/tools/bin/../lib/gcc/arm-none-eabi/9.3.1/thumb/v7e-m+fp/hard/crtbegin.o
 *(.text*)
 .text.LSM6DS3_ACC_GYRO_WriteReg
                0x00000000080001d0       0x34 Core/Src/LSM6DS3_ACC_GYRO_driver.o
                0x00000000080001d0                LSM6DS3_ACC_GYRO_WriteReg
 .text.LSM6DS3_ACC_GYRO_ReadReg
                0x0000000008000204       0x34 Core/Src/LSM6DS3_ACC_GYRO_driver.o
                0x0000000008000204                LSM6DS3_ACC_GYRO_ReadReg
 .text.LSM6DS3_ACC_GYRO_W_BDU
                0x0000000008000238       0x5a Core/Src/LSM6DS3_ACC_GYRO_driver.o
                0x0000000008000238                LSM6DS3_ACC_GYRO_W_BDU
 .text.LSM6DS3_ACC_GYRO_GetRawAccData
                0x0000000008000292       0x66 Core/Src/LSM6DS3_ACC_GYRO_driver.o
                0x0000000008000292                LSM6DS3_ACC_GYRO_GetRawAccData
 .text.LSM6DS3_ACC_GYRO_W_ODR_XL
                0x00000000080002f8       0x5a Core/Src/LSM6DS3_ACC_GYRO_driver.o
                0x00000000080002f8                LSM6DS3_ACC_GYRO_W_ODR_XL
 .text.LSM6DS3_ACC_GYRO_R_ODR_XL
                0x0000000008000352       0x38 Core/Src/LSM6DS3_ACC_GYRO_driver.o
                0x0000000008000352                LSM6DS3_ACC_GYRO_R_ODR_XL
 .text.LSM6DS3_ACC_GYRO_W_ODR_G
                0x000000000800038a       0x5a Core/Src/LSM6DS3_ACC_GYRO_driver.o
                0x000000000800038a                LSM6DS3_ACC_GYRO_W_ODR_G
 .text.LSM6DS3_ACC_GYRO_W_FIFO_MODE
                0x00000000080003e4       0x5a Core/Src/LSM6DS3_ACC_GYRO_driver.o
                0x00000000080003e4                LSM6DS3_ACC_GYRO_W_FIFO_MODE
 .text.LSM6DS3_ACC_GYRO_W_IF_Addr_Incr
                0x000000000800043e       0x5a Core/Src/LSM6DS3_ACC_GYRO_driver.o
                0x000000000800043e                LSM6DS3_ACC_GYRO_W_IF_Addr_Incr
 .text.LSM6DS3_ACC_GYRO_W_XEN_XL
                0x0000000008000498       0x5a Core/Src/LSM6DS3_ACC_GYRO_driver.o
                0x0000000008000498                LSM6DS3_ACC_GYRO_W_XEN_XL
 .text.LSM6DS3_ACC_GYRO_W_YEN_XL
                0x00000000080004f2       0x5a Core/Src/LSM6DS3_ACC_GYRO_driver.o
                0x00000000080004f2                LSM6DS3_ACC_GYRO_W_YEN_XL
 .text.LSM6DS3_ACC_GYRO_W_ZEN_XL
                0x000000000800054c       0x5a Core/Src/LSM6DS3_ACC_GYRO_driver.o
                0x000000000800054c                LSM6DS3_ACC_GYRO_W_ZEN_XL
 .text.LSM6DS3_ACC_GYRO_W_XEN_G
                0x00000000080005a6       0x5a Core/Src/LSM6DS3_ACC_GYRO_driver.o
                0x00000000080005a6                LSM6DS3_ACC_GYRO_W_XEN_G
 .text.LSM6DS3_ACC_GYRO_W_YEN_G
                0x0000000008000600       0x5a Core/Src/LSM6DS3_ACC_GYRO_driver.o
                0x0000000008000600                LSM6DS3_ACC_GYRO_W_YEN_G
 .text.LSM6DS3_ACC_GYRO_W_ZEN_G
                0x000000000800065a       0x5a Core/Src/LSM6DS3_ACC_GYRO_driver.o
                0x000000000800065a                LSM6DS3_ACC_GYRO_W_ZEN_G
 .text.MX_CAN_Init
                0x00000000080006b4       0x68 Core/Src/can.o
                0x00000000080006b4                MX_CAN_Init
 .text.HAL_CAN_MspInit
                0x000000000800071c       0x88 Core/Src/can.o
                0x000000000800071c                HAL_CAN_MspInit
 .text.MX_FREERTOS_Init
                0x00000000080007a4       0x40 Core/Src/freertos.o
                0x00000000080007a4                MX_FREERTOS_Init
 .text.StartDefaultTask
                0x00000000080007e4       0x10 Core/Src/freertos.o
                0x00000000080007e4                StartDefaultTask
 .text.MX_GPIO_Init
                0x00000000080007f4       0x60 Core/Src/gpio.o
                0x00000000080007f4                MX_GPIO_Init
 .text.MX_I2C1_Init
                0x0000000008000854       0x5c Core/Src/i2c.o
                0x0000000008000854                MX_I2C1_Init
 .text.HAL_I2C_MspInit
                0x00000000080008b0       0x88 Core/Src/i2c.o
                0x00000000080008b0                HAL_I2C_MspInit
 .text.dik      0x0000000008000938       0x20 Core/Src/imu_task.o
                0x0000000008000938                dik
 .text.StartImuTask
                0x0000000008000958      0x190 Core/Src/imu_task.o
                0x0000000008000958                StartImuTask
 .text.LSM6DS3_IO_Write
                0x0000000008000ae8       0x3a Core/Src/imu_task.o
                0x0000000008000ae8                LSM6DS3_IO_Write
 .text.LSM6DS3_IO_Read
                0x0000000008000b22       0x3a Core/Src/imu_task.o
                0x0000000008000b22                LSM6DS3_IO_Read
 .text.main     0x0000000008000b5c       0x2a Core/Src/main.o
                0x0000000008000b5c                main
 .text.SystemClock_Config
                0x0000000008000b86       0xb0 Core/Src/main.o
                0x0000000008000b86                SystemClock_Config
 .text.HAL_TIM_PeriodElapsedCallback
                0x0000000008000c36       0x1e Core/Src/main.o
                0x0000000008000c36                HAL_TIM_PeriodElapsedCallback
 .text.Error_Handler
                0x0000000008000c54        0xa Core/Src/main.o
                0x0000000008000c54                Error_Handler
 *fill*         0x0000000008000c5e        0x2 
 .text.HAL_MspInit
                0x0000000008000c60       0x50 Core/Src/stm32f3xx_hal_msp.o
                0x0000000008000c60                HAL_MspInit
 .text.HAL_InitTick
                0x0000000008000cb0       0xb0 Core/Src/stm32f3xx_hal_timebase_tim.o
                0x0000000008000cb0                HAL_InitTick
 .text.NMI_Handler
                0x0000000008000d60        0x6 Core/Src/stm32f3xx_it.o
                0x0000000008000d60                NMI_Handler
 .text.HardFault_Handler
                0x0000000008000d66        0x6 Core/Src/stm32f3xx_it.o
                0x0000000008000d66                HardFault_Handler
 .text.MemManage_Handler
                0x0000000008000d6c        0x6 Core/Src/stm32f3xx_it.o
                0x0000000008000d6c                MemManage_Handler
 .text.BusFault_Handler
                0x0000000008000d72        0x6 Core/Src/stm32f3xx_it.o
                0x0000000008000d72                BusFault_Handler
 .text.UsageFault_Handler
                0x0000000008000d78        0x6 Core/Src/stm32f3xx_it.o
                0x0000000008000d78                UsageFault_Handler
 .text.DebugMon_Handler
                0x0000000008000d7e        0xe Core/Src/stm32f3xx_it.o
                0x0000000008000d7e                DebugMon_Handler
 .text.TIM2_IRQHandler
                0x0000000008000d8c       0x14 Core/Src/stm32f3xx_it.o
                0x0000000008000d8c                TIM2_IRQHandler
 .text.SystemInit
                0x0000000008000da0       0x24 Core/Src/system_stm32f3xx.o
                0x0000000008000da0                SystemInit
 .text.MX_USART2_UART_Init
                0x0000000008000dc4       0x60 Core/Src/usart.o
                0x0000000008000dc4                MX_USART2_UART_Init
 .text.HAL_UART_MspInit
                0x0000000008000e24       0x88 Core/Src/usart.o
                0x0000000008000e24                HAL_UART_MspInit
 .text.Reset_Handler
                0x0000000008000eac       0x50 Core/Startup/startup_stm32f303k8tx.o
                0x0000000008000eac                Reset_Handler
 .text.Default_Handler
                0x0000000008000efc        0x2 Core/Startup/startup_stm32f303k8tx.o
                0x0000000008000efc                RTC_Alarm_IRQHandler
                0x0000000008000efc                TIM1_CC_IRQHandler
                0x0000000008000efc                PVD_IRQHandler
                0x0000000008000efc                TAMP_STAMP_IRQHandler
                0x0000000008000efc                EXTI3_IRQHandler
                0x0000000008000efc                EXTI0_IRQHandler
                0x0000000008000efc                FPU_IRQHandler
                0x0000000008000efc                CAN_TX_IRQHandler
                0x0000000008000efc                TIM1_UP_TIM16_IRQHandler
                0x0000000008000efc                ADC1_2_IRQHandler
                0x0000000008000efc                SPI1_IRQHandler
                0x0000000008000efc                CAN_SCE_IRQHandler
                0x0000000008000efc                DMA1_Channel4_IRQHandler
                0x0000000008000efc                USART3_IRQHandler
                0x0000000008000efc                DMA1_Channel7_IRQHandler
                0x0000000008000efc                TIM7_DAC2_IRQHandler
                0x0000000008000efc                CAN_RX1_IRQHandler
                0x0000000008000efc                I2C1_EV_IRQHandler
                0x0000000008000efc                DMA1_Channel6_IRQHandler
                0x0000000008000efc                TIM3_IRQHandler
                0x0000000008000efc                RCC_IRQHandler
                0x0000000008000efc                DMA1_Channel1_IRQHandler
                0x0000000008000efc                Default_Handler
                0x0000000008000efc                EXTI15_10_IRQHandler
                0x0000000008000efc                COMP2_IRQHandler
                0x0000000008000efc                TIM6_DAC1_IRQHandler
                0x0000000008000efc                EXTI9_5_IRQHandler
                0x0000000008000efc                RTC_WKUP_IRQHandler
                0x0000000008000efc                DMA1_Channel5_IRQHandler
                0x0000000008000efc                EXTI4_IRQHandler
                0x0000000008000efc                TIM1_TRG_COM_TIM17_IRQHandler
                0x0000000008000efc                DMA1_Channel3_IRQHandler
                0x0000000008000efc                WWDG_IRQHandler
                0x0000000008000efc                EXTI1_IRQHandler
                0x0000000008000efc                COMP4_6_IRQHandler
                0x0000000008000efc                USART2_IRQHandler
                0x0000000008000efc                DMA1_Channel2_IRQHandler
                0x0000000008000efc                FLASH_IRQHandler
                0x0000000008000efc                USART1_IRQHandler
                0x0000000008000efc                CAN_RX0_IRQHandler
                0x0000000008000efc                I2C1_ER_IRQHandler
                0x0000000008000efc                EXTI2_TSC_IRQHandler
                0x0000000008000efc                TIM1_BRK_TIM15_IRQHandler
 *fill*         0x0000000008000efe        0x2 
 .text.HAL_Init
                0x0000000008000f00       0x2c Drivers/STM32F3xx_HAL_Driver/Src/stm32f3xx_hal.o
                0x0000000008000f00                HAL_Init
 .text.HAL_IncTick
                0x0000000008000f2c       0x28 Drivers/STM32F3xx_HAL_Driver/Src/stm32f3xx_hal.o
                0x0000000008000f2c                HAL_IncTick
 .text.HAL_GetTick
                0x0000000008000f54       0x18 Drivers/STM32F3xx_HAL_Driver/Src/stm32f3xx_hal.o
                0x0000000008000f54                HAL_GetTick
 .text.HAL_CAN_Init
                0x0000000008000f6c      0x1f6 Drivers/STM32F3xx_HAL_Driver/Src/stm32f3xx_hal_can.o
                0x0000000008000f6c                HAL_CAN_Init
 *fill*         0x0000000008001162        0x2 
 .text.__NVIC_SetPriorityGrouping
                0x0000000008001164       0x48 Drivers/STM32F3xx_HAL_Driver/Src/stm32f3xx_hal_cortex.o
 .text.__NVIC_GetPriorityGrouping
                0x00000000080011ac       0x1c Drivers/STM32F3xx_HAL_Driver/Src/stm32f3xx_hal_cortex.o
 .text.__NVIC_EnableIRQ
                0x00000000080011c8       0x3c Drivers/STM32F3xx_HAL_Driver/Src/stm32f3xx_hal_cortex.o
 .text.__NVIC_SetPriority
                0x0000000008001204       0x54 Drivers/STM32F3xx_HAL_Driver/Src/stm32f3xx_hal_cortex.o
 .text.NVIC_EncodePriority
                0x0000000008001258       0x66 Drivers/STM32F3xx_HAL_Driver/Src/stm32f3xx_hal_cortex.o
 .text.HAL_NVIC_SetPriorityGrouping
                0x00000000080012be       0x16 Drivers/STM32F3xx_HAL_Driver/Src/stm32f3xx_hal_cortex.o
                0x00000000080012be                HAL_NVIC_SetPriorityGrouping
 .text.HAL_NVIC_SetPriority
                0x00000000080012d4       0x38 Drivers/STM32F3xx_HAL_Driver/Src/stm32f3xx_hal_cortex.o
                0x00000000080012d4                HAL_NVIC_SetPriority
 .text.HAL_NVIC_EnableIRQ
                0x000000000800130c       0x1c Drivers/STM32F3xx_HAL_Driver/Src/stm32f3xx_hal_cortex.o
                0x000000000800130c                HAL_NVIC_EnableIRQ
 .text.HAL_GPIO_Init
                0x0000000008001328      0x2e4 Drivers/STM32F3xx_HAL_Driver/Src/stm32f3xx_hal_gpio.o
                0x0000000008001328                HAL_GPIO_Init
 .text.HAL_I2C_Init
                0x000000000800160c      0x11e Drivers/STM32F3xx_HAL_Driver/Src/stm32f3xx_hal_i2c.o
                0x000000000800160c                HAL_I2C_Init
 *fill*         0x000000000800172a        0x2 
 .text.HAL_I2C_Mem_Write
                0x000000000800172c      0x228 Drivers/STM32F3xx_HAL_Driver/Src/stm32f3xx_hal_i2c.o
                0x000000000800172c                HAL_I2C_Mem_Write
 .text.HAL_I2C_Mem_Read
                0x0000000008001954      0x234 Drivers/STM32F3xx_HAL_Driver/Src/stm32f3xx_hal_i2c.o
                0x0000000008001954                HAL_I2C_Mem_Read
 .text.I2C_RequestMemoryWrite
                0x0000000008001b88       0xa8 Drivers/STM32F3xx_HAL_Driver/Src/stm32f3xx_hal_i2c.o
 .text.I2C_RequestMemoryRead
                0x0000000008001c30       0xa8 Drivers/STM32F3xx_HAL_Driver/Src/stm32f3xx_hal_i2c.o
 .text.I2C_Flush_TXDR
                0x0000000008001cd8       0x48 Drivers/STM32F3xx_HAL_Driver/Src/stm32f3xx_hal_i2c.o
 .text.I2C_WaitOnFlagUntilTimeout
                0x0000000008001d20       0x80 Drivers/STM32F3xx_HAL_Driver/Src/stm32f3xx_hal_i2c.o
 .text.I2C_WaitOnTXISFlagUntilTimeout
                0x0000000008001da0       0x80 Drivers/STM32F3xx_HAL_Driver/Src/stm32f3xx_hal_i2c.o
 .text.I2C_WaitOnSTOPFlagUntilTimeout
                0x0000000008001e20       0x78 Drivers/STM32F3xx_HAL_Driver/Src/stm32f3xx_hal_i2c.o
 .text.I2C_IsAcknowledgeFailed
                0x0000000008001e98       0xcc Drivers/STM32F3xx_HAL_Driver/Src/stm32f3xx_hal_i2c.o
 .text.I2C_TransferConfig
                0x0000000008001f64       0x5c Drivers/STM32F3xx_HAL_Driver/Src/stm32f3xx_hal_i2c.o
 .text.HAL_RCC_OscConfig
                0x0000000008001fc0      0xe10 Drivers/STM32F3xx_HAL_Driver/Src/stm32f3xx_hal_rcc.o
                0x0000000008001fc0                HAL_RCC_OscConfig
 .text.HAL_RCC_ClockConfig
                0x0000000008002dd0      0x2f8 Drivers/STM32F3xx_HAL_Driver/Src/stm32f3xx_hal_rcc.o
                0x0000000008002dd0                HAL_RCC_ClockConfig
 .text.HAL_RCC_GetSysClockFreq
                0x00000000080030c8       0xd8 Drivers/STM32F3xx_HAL_Driver/Src/stm32f3xx_hal_rcc.o
                0x00000000080030c8                HAL_RCC_GetSysClockFreq
 .text.HAL_RCC_GetHCLKFreq
                0x00000000080031a0       0x18 Drivers/STM32F3xx_HAL_Driver/Src/stm32f3xx_hal_rcc.o
                0x00000000080031a0                HAL_RCC_GetHCLKFreq
 .text.HAL_RCC_GetPCLK1Freq
                0x00000000080031b8       0x44 Drivers/STM32F3xx_HAL_Driver/Src/stm32f3xx_hal_rcc.o
                0x00000000080031b8                HAL_RCC_GetPCLK1Freq
 .text.HAL_RCC_GetPCLK2Freq
                0x00000000080031fc       0x44 Drivers/STM32F3xx_HAL_Driver/Src/stm32f3xx_hal_rcc.o
                0x00000000080031fc                HAL_RCC_GetPCLK2Freq
 .text.HAL_RCC_GetClockConfig
                0x0000000008003240       0x64 Drivers/STM32F3xx_HAL_Driver/Src/stm32f3xx_hal_rcc.o
                0x0000000008003240                HAL_RCC_GetClockConfig
 .text.HAL_RCCEx_PeriphCLKConfig
                0x00000000080032a4      0x24c Drivers/STM32F3xx_HAL_Driver/Src/stm32f3xx_hal_rcc_ex.o
                0x00000000080032a4                HAL_RCCEx_PeriphCLKConfig
 .text.HAL_TIM_Base_Init
                0x00000000080034f0       0xae Drivers/STM32F3xx_HAL_Driver/Src/stm32f3xx_hal_tim.o
                0x00000000080034f0                HAL_TIM_Base_Init
 .text.HAL_TIM_Base_MspInit
                0x000000000800359e       0x14 Drivers/STM32F3xx_HAL_Driver/Src/stm32f3xx_hal_tim.o
                0x000000000800359e                HAL_TIM_Base_MspInit
 *fill*         0x00000000080035b2        0x2 
 .text.HAL_TIM_Base_Start_IT
                0x00000000080035b4       0xb8 Drivers/STM32F3xx_HAL_Driver/Src/stm32f3xx_hal_tim.o
                0x00000000080035b4                HAL_TIM_Base_Start_IT
 .text.HAL_TIM_IRQHandler
                0x000000000800366c      0x23e Drivers/STM32F3xx_HAL_Driver/Src/stm32f3xx_hal_tim.o
                0x000000000800366c                HAL_TIM_IRQHandler
 .text.HAL_TIM_OC_DelayElapsedCallback
                0x00000000080038aa       0x14 Drivers/STM32F3xx_HAL_Driver/Src/stm32f3xx_hal_tim.o
                0x00000000080038aa                HAL_TIM_OC_DelayElapsedCallback
 .text.HAL_TIM_IC_CaptureCallback
                0x00000000080038be       0x14 Drivers/STM32F3xx_HAL_Driver/Src/stm32f3xx_hal_tim.o
                0x00000000080038be                HAL_TIM_IC_CaptureCallback
 .text.HAL_TIM_PWM_PulseFinishedCallback
                0x00000000080038d2       0x14 Drivers/STM32F3xx_HAL_Driver/Src/stm32f3xx_hal_tim.o
                0x00000000080038d2                HAL_TIM_PWM_PulseFinishedCallback
 .text.HAL_TIM_TriggerCallback
                0x00000000080038e6       0x14 Drivers/STM32F3xx_HAL_Driver/Src/stm32f3xx_hal_tim.o
                0x00000000080038e6                HAL_TIM_TriggerCallback
 *fill*         0x00000000080038fa        0x2 
 .text.TIM_Base_SetConfig
                0x00000000080038fc       0xf0 Drivers/STM32F3xx_HAL_Driver/Src/stm32f3xx_hal_tim.o
                0x00000000080038fc                TIM_Base_SetConfig
 .text.HAL_TIMEx_CommutCallback
                0x00000000080039ec       0x14 Drivers/STM32F3xx_HAL_Driver/Src/stm32f3xx_hal_tim_ex.o
                0x00000000080039ec                HAL_TIMEx_CommutCallback
 .text.HAL_TIMEx_BreakCallback
                0x0000000008003a00       0x14 Drivers/STM32F3xx_HAL_Driver/Src/stm32f3xx_hal_tim_ex.o
                0x0000000008003a00                HAL_TIMEx_BreakCallback
 .text.HAL_TIMEx_Break2Callback
                0x0000000008003a14       0x14 Drivers/STM32F3xx_HAL_Driver/Src/stm32f3xx_hal_tim_ex.o
                0x0000000008003a14                HAL_TIMEx_Break2Callback
 .text.HAL_UART_Init
                0x0000000008003a28       0x9c Drivers/STM32F3xx_HAL_Driver/Src/stm32f3xx_hal_uart.o
                0x0000000008003a28                HAL_UART_Init
 .text.UART_SetConfig
                0x0000000008003ac4      0x26c Drivers/STM32F3xx_HAL_Driver/Src/stm32f3xx_hal_uart.o
                0x0000000008003ac4                UART_SetConfig
 .text.UART_AdvFeatureConfig
                0x0000000008003d30      0x144 Drivers/STM32F3xx_HAL_Driver/Src/stm32f3xx_hal_uart.o
                0x0000000008003d30                UART_AdvFeatureConfig
 .text.UART_CheckIdleState
                0x0000000008003e74       0x92 Drivers/STM32F3xx_HAL_Driver/Src/stm32f3xx_hal_uart.o
                0x0000000008003e74                UART_CheckIdleState
 .text.UART_WaitOnFlagUntilTimeout
                0x0000000008003f06       0xf8 Drivers/STM32F3xx_HAL_Driver/Src/stm32f3xx_hal_uart.o
                0x0000000008003f06                UART_WaitOnFlagUntilTimeout
 *fill*         0x0000000008003ffe        0x2 
 .text.osKernelInitialize
                0x0000000008004000       0x68 Middlewares/Third_Party/FreeRTOS/Source/CMSIS_RTOS_V2/cmsis_os2.o
                0x0000000008004000                osKernelInitialize
 .text.osKernelStart
                0x0000000008004068       0x68 Middlewares/Third_Party/FreeRTOS/Source/CMSIS_RTOS_V2/cmsis_os2.o
                0x0000000008004068                osKernelStart
 .text.osThreadNew
                0x00000000080040d0      0x154 Middlewares/Third_Party/FreeRTOS/Source/CMSIS_RTOS_V2/cmsis_os2.o
                0x00000000080040d0                osThreadNew
 .text.osDelay  0x0000000008004224       0x5c Middlewares/Third_Party/FreeRTOS/Source/CMSIS_RTOS_V2/cmsis_os2.o
                0x0000000008004224                osDelay
 .text.vApplicationGetIdleTaskMemory
                0x0000000008004280       0x34 Middlewares/Third_Party/FreeRTOS/Source/CMSIS_RTOS_V2/cmsis_os2.o
                0x0000000008004280                vApplicationGetIdleTaskMemory
 .text.vApplicationGetTimerTaskMemory
                0x00000000080042b4       0x34 Middlewares/Third_Party/FreeRTOS/Source/CMSIS_RTOS_V2/cmsis_os2.o
                0x00000000080042b4                vApplicationGetTimerTaskMemory
 .text.vListInitialise
                0x00000000080042e8       0x40 Middlewares/Third_Party/FreeRTOS/Source/list.o
                0x00000000080042e8                vListInitialise
 .text.vListInitialiseItem
                0x0000000008004328       0x1a Middlewares/Third_Party/FreeRTOS/Source/list.o
                0x0000000008004328                vListInitialiseItem
 .text.vListInsertEnd
                0x0000000008004342       0x48 Middlewares/Third_Party/FreeRTOS/Source/list.o
                0x0000000008004342                vListInsertEnd
 .text.vListInsert
                0x000000000800438a       0x72 Middlewares/Third_Party/FreeRTOS/Source/list.o
                0x000000000800438a                vListInsert
 .text.uxListRemove
                0x00000000080043fc       0x54 Middlewares/Third_Party/FreeRTOS/Source/list.o
                0x00000000080043fc                uxListRemove
 .text.xQueueGenericReset
                0x0000000008004450       0xd0 Middlewares/Third_Party/FreeRTOS/Source/queue.o
                0x0000000008004450                xQueueGenericReset
 .text.xQueueGenericCreateStatic
                0x0000000008004520       0xee Middlewares/Third_Party/FreeRTOS/Source/queue.o
                0x0000000008004520                xQueueGenericCreateStatic
 .text.prvInitialiseNewQueue
                0x000000000800460e       0x46 Middlewares/Third_Party/FreeRTOS/Source/queue.o
 .text.xQueueGenericSend
                0x0000000008004654      0x1fc Middlewares/Third_Party/FreeRTOS/Source/queue.o
                0x0000000008004654                xQueueGenericSend
 .text.xQueueGenericSendFromISR
                0x0000000008004850      0x130 Middlewares/Third_Party/FreeRTOS/Source/queue.o
                0x0000000008004850                xQueueGenericSendFromISR
 .text.xQueueReceive
                0x0000000008004980      0x1c0 Middlewares/Third_Party/FreeRTOS/Source/queue.o
                0x0000000008004980                xQueueReceive
 .text.prvCopyDataToQueue
                0x0000000008004b40       0xd4 Middlewares/Third_Party/FreeRTOS/Source/queue.o
 .text.prvCopyDataFromQueue
                0x0000000008004c14       0x4c Middlewares/Third_Party/FreeRTOS/Source/queue.o
 .text.prvUnlockQueue
                0x0000000008004c60       0xa4 Middlewares/Third_Party/FreeRTOS/Source/queue.o
 .text.prvIsQueueEmpty
                0x0000000008004d04       0x2c Middlewares/Third_Party/FreeRTOS/Source/queue.o
 .text.prvIsQueueFull
                0x0000000008004d30       0x30 Middlewares/Third_Party/FreeRTOS/Source/queue.o
 .text.vQueueAddToRegistry
                0x0000000008004d60       0x54 Middlewares/Third_Party/FreeRTOS/Source/queue.o
                0x0000000008004d60                vQueueAddToRegistry
 .text.vQueueWaitForMessageRestricted
                0x0000000008004db4       0x68 Middlewares/Third_Party/FreeRTOS/Source/queue.o
                0x0000000008004db4                vQueueWaitForMessageRestricted
 .text.xTaskCreateStatic
                0x0000000008004e1c       0xb8 Middlewares/Third_Party/FreeRTOS/Source/tasks.o
                0x0000000008004e1c                xTaskCreateStatic
 .text.xTaskCreate
                0x0000000008004ed4       0x8a Middlewares/Third_Party/FreeRTOS/Source/tasks.o
                0x0000000008004ed4                xTaskCreate
 .text.prvInitialiseNewTask
                0x0000000008004f5e      0x10e Middlewares/Third_Party/FreeRTOS/Source/tasks.o
 .text.prvAddNewTaskToReadyList
                0x000000000800506c       0xe0 Middlewares/Third_Party/FreeRTOS/Source/tasks.o
 .text.vTaskDelay
                0x000000000800514c       0x68 Middlewares/Third_Party/FreeRTOS/Source/tasks.o
                0x000000000800514c                vTaskDelay
 .text.vTaskStartScheduler
                0x00000000080051b4       0xcc Middlewares/Third_Party/FreeRTOS/Source/tasks.o
                0x00000000080051b4                vTaskStartScheduler
 .text.vTaskSuspendAll
                0x0000000008005280       0x1c Middlewares/Third_Party/FreeRTOS/Source/tasks.o
                0x0000000008005280                vTaskSuspendAll
 .text.xTaskResumeAll
                0x000000000800529c      0x13c Middlewares/Third_Party/FreeRTOS/Source/tasks.o
                0x000000000800529c                xTaskResumeAll
 .text.xTaskGetTickCount
                0x00000000080053d8       0x20 Middlewares/Third_Party/FreeRTOS/Source/tasks.o
                0x00000000080053d8                xTaskGetTickCount
 .text.xTaskIncrementTick
                0x00000000080053f8      0x17c Middlewares/Third_Party/FreeRTOS/Source/tasks.o
                0x00000000080053f8                xTaskIncrementTick
 .text.vTaskSwitchContext
                0x0000000008005574       0xbc Middlewares/Third_Party/FreeRTOS/Source/tasks.o
                0x0000000008005574                vTaskSwitchContext
 .text.vTaskPlaceOnEventList
                0x0000000008005630       0x48 Middlewares/Third_Party/FreeRTOS/Source/tasks.o
                0x0000000008005630                vTaskPlaceOnEventList
 .text.vTaskPlaceOnEventListRestricted
                0x0000000008005678       0x58 Middlewares/Third_Party/FreeRTOS/Source/tasks.o
                0x0000000008005678                vTaskPlaceOnEventListRestricted
 .text.xTaskRemoveFromEventList
                0x00000000080056d0       0xc8 Middlewares/Third_Party/FreeRTOS/Source/tasks.o
                0x00000000080056d0                xTaskRemoveFromEventList
 .text.vTaskInternalSetTimeOutState
                0x0000000008005798       0x2c Middlewares/Third_Party/FreeRTOS/Source/tasks.o
                0x0000000008005798                vTaskInternalSetTimeOutState
 .text.xTaskCheckForTimeOut
                0x00000000080057c4       0xc4 Middlewares/Third_Party/FreeRTOS/Source/tasks.o
                0x00000000080057c4                xTaskCheckForTimeOut
 .text.vTaskMissedYield
                0x0000000008005888       0x18 Middlewares/Third_Party/FreeRTOS/Source/tasks.o
                0x0000000008005888                vTaskMissedYield
 .text.prvIdleTask
                0x00000000080058a0       0x30 Middlewares/Third_Party/FreeRTOS/Source/tasks.o
 .text.prvInitialiseTaskLists
                0x00000000080058d0       0x80 Middlewares/Third_Party/FreeRTOS/Source/tasks.o
 .text.prvCheckTasksWaitingTermination
                0x0000000008005950       0x5c Middlewares/Third_Party/FreeRTOS/Source/tasks.o
 .text.prvDeleteTCB
                0x00000000080059ac       0x5e Middlewares/Third_Party/FreeRTOS/Source/tasks.o
 *fill*         0x0000000008005a0a        0x2 
 .text.prvResetNextTaskUnblockTime
                0x0000000008005a0c       0x4c Middlewares/Third_Party/FreeRTOS/Source/tasks.o
 .text.xTaskGetSchedulerState
                0x0000000008005a58       0x3c Middlewares/Third_Party/FreeRTOS/Source/tasks.o
                0x0000000008005a58                xTaskGetSchedulerState
 .text.xTaskPriorityDisinherit
                0x0000000008005a94       0xdc Middlewares/Third_Party/FreeRTOS/Source/tasks.o
                0x0000000008005a94                xTaskPriorityDisinherit
 .text.prvAddCurrentTaskToDelayedList
                0x0000000008005b70       0xa8 Middlewares/Third_Party/FreeRTOS/Source/tasks.o
 .text.xTimerCreateTimerTask
                0x0000000008005c18       0x90 Middlewares/Third_Party/FreeRTOS/Source/timers.o
                0x0000000008005c18                xTimerCreateTimerTask
 .text.xTimerGenericCommand
                0x0000000008005ca8       0x9c Middlewares/Third_Party/FreeRTOS/Source/timers.o
                0x0000000008005ca8                xTimerGenericCommand
 .text.prvProcessExpiredTimer
                0x0000000008005d44       0x80 Middlewares/Third_Party/FreeRTOS/Source/timers.o
 .text.prvTimerTask
                0x0000000008005dc4       0x24 Middlewares/Third_Party/FreeRTOS/Source/timers.o
 .text.prvProcessTimerOrBlockTask
                0x0000000008005de8       0x9c Middlewares/Third_Party/FreeRTOS/Source/timers.o
 .text.prvGetNextExpireTime
                0x0000000008005e84       0x48 Middlewares/Third_Party/FreeRTOS/Source/timers.o
 .text.prvSampleTimeNow
                0x0000000008005ecc       0x40 Middlewares/Third_Party/FreeRTOS/Source/timers.o
 .text.prvInsertTimerInActiveList
                0x0000000008005f0c       0x84 Middlewares/Third_Party/FreeRTOS/Source/timers.o
 .text.prvProcessReceivedCommands
                0x0000000008005f90      0x168 Middlewares/Third_Party/FreeRTOS/Source/timers.o
 .text.prvSwitchTimerLists
                0x00000000080060f8       0xc4 Middlewares/Third_Party/FreeRTOS/Source/timers.o
 .text.prvCheckForValidListAndQueue
                0x00000000080061bc       0x80 Middlewares/Third_Party/FreeRTOS/Source/timers.o
 .text.pxPortInitialiseStack
                0x000000000800623c       0x68 Middlewares/Third_Party/FreeRTOS/Source/portable/GCC/ARM_CM4F/port.o
                0x000000000800623c                pxPortInitialiseStack
 .text.prvTaskExitError
                0x00000000080062a4       0x58 Middlewares/Third_Party/FreeRTOS/Source/portable/GCC/ARM_CM4F/port.o
 *fill*         0x00000000080062fc        0x4 
 .text.SVC_Handler
                0x0000000008006300       0x28 Middlewares/Third_Party/FreeRTOS/Source/portable/GCC/ARM_CM4F/port.o
                0x0000000008006300                SVC_Handler
 .text.prvPortStartFirstTask
                0x0000000008006328       0x28 Middlewares/Third_Party/FreeRTOS/Source/portable/GCC/ARM_CM4F/port.o
 .text.xPortStartScheduler
                0x0000000008006350      0x144 Middlewares/Third_Party/FreeRTOS/Source/portable/GCC/ARM_CM4F/port.o
                0x0000000008006350                xPortStartScheduler
 .text.vPortEnterCritical
                0x0000000008006494       0x60 Middlewares/Third_Party/FreeRTOS/Source/portable/GCC/ARM_CM4F/port.o
                0x0000000008006494                vPortEnterCritical
 .text.vPortExitCritical
                0x00000000080064f4       0x54 Middlewares/Third_Party/FreeRTOS/Source/portable/GCC/ARM_CM4F/port.o
                0x00000000080064f4                vPortExitCritical
 *fill*         0x0000000008006548        0x8 
 .text.PendSV_Handler
                0x0000000008006550       0x68 Middlewares/Third_Party/FreeRTOS/Source/portable/GCC/ARM_CM4F/port.o
                0x0000000008006550                PendSV_Handler
 .text.SysTick_Handler
                0x00000000080065b8       0x44 Middlewares/Third_Party/FreeRTOS/Source/portable/GCC/ARM_CM4F/port.o
                0x00000000080065b8                SysTick_Handler
 .text.vPortSetupTimerInterrupt
                0x00000000080065fc       0x48 Middlewares/Third_Party/FreeRTOS/Source/portable/GCC/ARM_CM4F/port.o
                0x00000000080065fc                vPortSetupTimerInterrupt
 .text.vPortEnableVFP
                0x0000000008006644       0x14 Middlewares/Third_Party/FreeRTOS/Source/portable/GCC/ARM_CM4F/port.o
 .text.vPortValidateInterruptPriority
                0x0000000008006658       0x80 Middlewares/Third_Party/FreeRTOS/Source/portable/GCC/ARM_CM4F/port.o
                0x0000000008006658                vPortValidateInterruptPriority
 .text.pvPortMalloc
                0x00000000080066d8      0x188 Middlewares/Third_Party/FreeRTOS/Source/portable/MemMang/heap_4.o
                0x00000000080066d8                pvPortMalloc
 .text.vPortFree
                0x0000000008006860       0xb4 Middlewares/Third_Party/FreeRTOS/Source/portable/MemMang/heap_4.o
                0x0000000008006860                vPortFree
 .text.prvHeapInit
                0x0000000008006914       0xc4 Middlewares/Third_Party/FreeRTOS/Source/portable/MemMang/heap_4.o
 .text.prvInsertBlockIntoFreeList
                0x00000000080069d8       0xb4 Middlewares/Third_Party/FreeRTOS/Source/portable/MemMang/heap_4.o
 .text.__libc_init_array
                0x0000000008006a8c       0x48 c:/st/stm32cubeide_1.6.1/stm32cubeide/plugins/com.st.stm32cube.ide.mcu.externaltools.gnu-tools-for-stm32.9-2020-q2-update.win32_1.5.0.202011040924/tools/bin/../lib/gcc/arm-none-eabi/9.3.1/../../../../arm-none-eabi/lib/thumb/v7e-m+fp/hard\libc_nano.a(lib_a-init.o)
                0x0000000008006a8c                __libc_init_array
 .text.memcpy   0x0000000008006ad4       0x1c c:/st/stm32cubeide_1.6.1/stm32cubeide/plugins/com.st.stm32cube.ide.mcu.externaltools.gnu-tools-for-stm32.9-2020-q2-update.win32_1.5.0.202011040924/tools/bin/../lib/gcc/arm-none-eabi/9.3.1/../../../../arm-none-eabi/lib/thumb/v7e-m+fp/hard\libc_nano.a(lib_a-memcpy-stub.o)
                0x0000000008006ad4                memcpy
 .text.memset   0x0000000008006af0       0x10 c:/st/stm32cubeide_1.6.1/stm32cubeide/plugins/com.st.stm32cube.ide.mcu.externaltools.gnu-tools-for-stm32.9-2020-q2-update.win32_1.5.0.202011040924/tools/bin/../lib/gcc/arm-none-eabi/9.3.1/../../../../arm-none-eabi/lib/thumb/v7e-m+fp/hard\libc_nano.a(lib_a-memset.o)
                0x0000000008006af0                memset
 *(.glue_7)
 .glue_7        0x0000000008006b00        0x0 linker stubs
 *(.glue_7t)
 .glue_7t       0x0000000008006b00        0x0 linker stubs
 *(.eh_frame)
 .eh_frame      0x0000000008006b00        0x0 c:/st/stm32cubeide_1.6.1/stm32cubeide/plugins/com.st.stm32cube.ide.mcu.externaltools.gnu-tools-for-stm32.9-2020-q2-update.win32_1.5.0.202011040924/tools/bin/../lib/gcc/arm-none-eabi/9.3.1/thumb/v7e-m+fp/hard/crtbegin.o
 *(.init)
 .init          0x0000000008006b00        0x4 c:/st/stm32cubeide_1.6.1/stm32cubeide/plugins/com.st.stm32cube.ide.mcu.externaltools.gnu-tools-for-stm32.9-2020-q2-update.win32_1.5.0.202011040924/tools/bin/../lib/gcc/arm-none-eabi/9.3.1/thumb/v7e-m+fp/hard/crti.o
                0x0000000008006b00                _init
 .init          0x0000000008006b04        0x8 c:/st/stm32cubeide_1.6.1/stm32cubeide/plugins/com.st.stm32cube.ide.mcu.externaltools.gnu-tools-for-stm32.9-2020-q2-update.win32_1.5.0.202011040924/tools/bin/../lib/gcc/arm-none-eabi/9.3.1/thumb/v7e-m+fp/hard/crtn.o
 *(.fini)
 .fini          0x0000000008006b0c        0x4 c:/st/stm32cubeide_1.6.1/stm32cubeide/plugins/com.st.stm32cube.ide.mcu.externaltools.gnu-tools-for-stm32.9-2020-q2-update.win32_1.5.0.202011040924/tools/bin/../lib/gcc/arm-none-eabi/9.3.1/thumb/v7e-m+fp/hard/crti.o
                0x0000000008006b0c                _fini
 .fini          0x0000000008006b10        0x8 c:/st/stm32cubeide_1.6.1/stm32cubeide/plugins/com.st.stm32cube.ide.mcu.externaltools.gnu-tools-for-stm32.9-2020-q2-update.win32_1.5.0.202011040924/tools/bin/../lib/gcc/arm-none-eabi/9.3.1/thumb/v7e-m+fp/hard/crtn.o
                0x0000000008006b18                . = ALIGN (0x4)
                0x0000000008006b18                _etext = .

.vfp11_veneer   0x0000000008006b18        0x0
 .vfp11_veneer  0x0000000008006b18        0x0 linker stubs

.v4_bx          0x0000000008006b18        0x0
 .v4_bx         0x0000000008006b18        0x0 linker stubs

.iplt           0x0000000008006b18        0x0
 .iplt          0x0000000008006b18        0x0 c:/st/stm32cubeide_1.6.1/stm32cubeide/plugins/com.st.stm32cube.ide.mcu.externaltools.gnu-tools-for-stm32.9-2020-q2-update.win32_1.5.0.202011040924/tools/bin/../lib/gcc/arm-none-eabi/9.3.1/thumb/v7e-m+fp/hard/crtbegin.o

.rodata         0x0000000008006b18       0xb4
                0x0000000008006b18                . = ALIGN (0x4)
 *(.rodata)
 .rodata        0x0000000008006b18       0x14 Core/Src/freertos.o
 .rodata        0x0000000008006b2c        0x6 Core/Src/imu_task.o
 *fill*         0x0000000008006b32        0x2 
 .rodata        0x0000000008006b34        0x5 Middlewares/Third_Party/FreeRTOS/Source/tasks.o
 *fill*         0x0000000008006b39        0x3 
 .rodata        0x0000000008006b3c        0xd Middlewares/Third_Party/FreeRTOS/Source/timers.o
 *(.rodata*)
 *fill*         0x0000000008006b49        0x3 
 .rodata.imu_task_attributes
                0x0000000008006b4c       0x24 Core/Src/freertos.o
                0x0000000008006b4c                imu_task_attributes
 .rodata.defaultTask_attributes
                0x0000000008006b70       0x24 Core/Src/freertos.o
                0x0000000008006b70                defaultTask_attributes
 .rodata.AHBPrescTable
                0x0000000008006b94       0x10 Core/Src/system_stm32f3xx.o
                0x0000000008006b94                AHBPrescTable
 .rodata.APBPrescTable
                0x0000000008006ba4        0x8 Core/Src/system_stm32f3xx.o
                0x0000000008006ba4                APBPrescTable
 .rodata.aPLLMULFactorTable
                0x0000000008006bac       0x10 Drivers/STM32F3xx_HAL_Driver/Src/stm32f3xx_hal_rcc.o
                0x0000000008006bac                aPLLMULFactorTable
 .rodata.aPredivFactorTable
                0x0000000008006bbc       0x10 Drivers/STM32F3xx_HAL_Driver/Src/stm32f3xx_hal_rcc.o
                0x0000000008006bbc                aPredivFactorTable
                0x0000000008006bcc                . = ALIGN (0x4)

.rel.dyn        0x0000000008006bcc        0x0
 .rel.iplt      0x0000000008006bcc        0x0 c:/st/stm32cubeide_1.6.1/stm32cubeide/plugins/com.st.stm32cube.ide.mcu.externaltools.gnu-tools-for-stm32.9-2020-q2-update.win32_1.5.0.202011040924/tools/bin/../lib/gcc/arm-none-eabi/9.3.1/thumb/v7e-m+fp/hard/crtbegin.o

.ARM.extab      0x0000000008006bcc        0x0
                0x0000000008006bcc                . = ALIGN (0x4)
 *(.ARM.extab* .gnu.linkonce.armextab.*)
                0x0000000008006bcc                . = ALIGN (0x4)

.ARM            0x0000000008006bcc        0x0
                0x0000000008006bcc                . = ALIGN (0x4)
                0x0000000008006bcc                __exidx_start = .
 *(.ARM.exidx*)
                0x0000000008006bcc                __exidx_end = .
                0x0000000008006bcc                . = ALIGN (0x4)

.preinit_array  0x0000000008006bcc        0x0
                0x0000000008006bcc                . = ALIGN (0x4)
                0x0000000008006bcc                PROVIDE (__preinit_array_start = .)
 *(.preinit_array*)
                0x0000000008006bcc                PROVIDE (__preinit_array_end = .)
                0x0000000008006bcc                . = ALIGN (0x4)

.init_array     0x0000000008006bcc        0x4
                0x0000000008006bcc                . = ALIGN (0x4)
                0x0000000008006bcc                PROVIDE (__init_array_start = .)
 *(SORT_BY_NAME(.init_array.*))
 *(.init_array*)
 .init_array    0x0000000008006bcc        0x4 c:/st/stm32cubeide_1.6.1/stm32cubeide/plugins/com.st.stm32cube.ide.mcu.externaltools.gnu-tools-for-stm32.9-2020-q2-update.win32_1.5.0.202011040924/tools/bin/../lib/gcc/arm-none-eabi/9.3.1/thumb/v7e-m+fp/hard/crtbegin.o
                0x0000000008006bd0                PROVIDE (__init_array_end = .)
                0x0000000008006bd0                . = ALIGN (0x4)

.fini_array     0x0000000008006bd0        0x4
                0x0000000008006bd0                . = ALIGN (0x4)
                [!provide]                        PROVIDE (__fini_array_start = .)
 *(SORT_BY_NAME(.fini_array.*))
 *(.fini_array*)
 .fini_array    0x0000000008006bd0        0x4 c:/st/stm32cubeide_1.6.1/stm32cubeide/plugins/com.st.stm32cube.ide.mcu.externaltools.gnu-tools-for-stm32.9-2020-q2-update.win32_1.5.0.202011040924/tools/bin/../lib/gcc/arm-none-eabi/9.3.1/thumb/v7e-m+fp/hard/crtbegin.o
                [!provide]                        PROVIDE (__fini_array_end = .)
                0x0000000008006bd4                . = ALIGN (0x4)
                0x0000000008006bd4                _sidata = LOADADDR (.data)

.data           0x0000000020000000       0x10 load address 0x0000000008006bd4
                0x0000000020000000                . = ALIGN (0x4)
                0x0000000020000000                _sdata = .
 *(.data)
 *(.data*)
 .data.SystemCoreClock
                0x0000000020000000        0x4 Core/Src/system_stm32f3xx.o
                0x0000000020000000                SystemCoreClock
 .data.uwTickPrio
                0x0000000020000004        0x4 Drivers/STM32F3xx_HAL_Driver/Src/stm32f3xx_hal.o
                0x0000000020000004                uwTickPrio
 .data.uwTickFreq
                0x0000000020000008        0x1 Drivers/STM32F3xx_HAL_Driver/Src/stm32f3xx_hal.o
                0x0000000020000008                uwTickFreq
 *fill*         0x0000000020000009        0x3 
 .data.uxCriticalNesting
                0x000000002000000c        0x4 Middlewares/Third_Party/FreeRTOS/Source/portable/GCC/ARM_CM4F/port.o
 *(.RamFunc)
 *(.RamFunc*)
                0x0000000020000010                . = ALIGN (0x4)
                0x0000000020000010                _edata = .

.igot.plt       0x0000000020000010        0x0 load address 0x0000000008006be4
 .igot.plt      0x0000000020000010        0x0 c:/st/stm32cubeide_1.6.1/stm32cubeide/plugins/com.st.stm32cube.ide.mcu.externaltools.gnu-tools-for-stm32.9-2020-q2-update.win32_1.5.0.202011040924/tools/bin/../lib/gcc/arm-none-eabi/9.3.1/thumb/v7e-m+fp/hard/crtbegin.o
                0x0000000020000010                . = ALIGN (0x4)

.bss            0x0000000020000010     0x1ab4 load address 0x0000000008006be4
                0x0000000020000010                _sbss = .
                0x0000000020000010                __bss_start__ = _sbss
 *(.bss)
 .bss           0x0000000020000010       0x1c c:/st/stm32cubeide_1.6.1/stm32cubeide/plugins/com.st.stm32cube.ide.mcu.externaltools.gnu-tools-for-stm32.9-2020-q2-update.win32_1.5.0.202011040924/tools/bin/../lib/gcc/arm-none-eabi/9.3.1/thumb/v7e-m+fp/hard/crtbegin.o
 *(.bss*)
 .bss.KernelState
                0x000000002000002c        0x4 Middlewares/Third_Party/FreeRTOS/Source/CMSIS_RTOS_V2/cmsis_os2.o
 .bss.Idle_TCB  0x0000000020000030       0x5c Middlewares/Third_Party/FreeRTOS/Source/CMSIS_RTOS_V2/cmsis_os2.o
 .bss.Idle_Stack
                0x000000002000008c      0x200 Middlewares/Third_Party/FreeRTOS/Source/CMSIS_RTOS_V2/cmsis_os2.o
 .bss.Timer_TCB
                0x000000002000028c       0x5c Middlewares/Third_Party/FreeRTOS/Source/CMSIS_RTOS_V2/cmsis_os2.o
 .bss.Timer_Stack
                0x00000000200002e8      0x400 Middlewares/Third_Party/FreeRTOS/Source/CMSIS_RTOS_V2/cmsis_os2.o
 .bss.pxCurrentTCB
                0x00000000200006e8        0x4 Middlewares/Third_Party/FreeRTOS/Source/tasks.o
                0x00000000200006e8                pxCurrentTCB
 .bss.pxReadyTasksLists
                0x00000000200006ec      0x460 Middlewares/Third_Party/FreeRTOS/Source/tasks.o
 .bss.xDelayedTaskList1
                0x0000000020000b4c       0x14 Middlewares/Third_Party/FreeRTOS/Source/tasks.o
 .bss.xDelayedTaskList2
                0x0000000020000b60       0x14 Middlewares/Third_Party/FreeRTOS/Source/tasks.o
 .bss.pxDelayedTaskList
                0x0000000020000b74        0x4 Middlewares/Third_Party/FreeRTOS/Source/tasks.o
 .bss.pxOverflowDelayedTaskList
                0x0000000020000b78        0x4 Middlewares/Third_Party/FreeRTOS/Source/tasks.o
 .bss.xPendingReadyList
                0x0000000020000b7c       0x14 Middlewares/Third_Party/FreeRTOS/Source/tasks.o
 .bss.xTasksWaitingTermination
                0x0000000020000b90       0x14 Middlewares/Third_Party/FreeRTOS/Source/tasks.o
 .bss.uxDeletedTasksWaitingCleanUp
                0x0000000020000ba4        0x4 Middlewares/Third_Party/FreeRTOS/Source/tasks.o
 .bss.xSuspendedTaskList
                0x0000000020000ba8       0x14 Middlewares/Third_Party/FreeRTOS/Source/tasks.o
 .bss.uxCurrentNumberOfTasks
                0x0000000020000bbc        0x4 Middlewares/Third_Party/FreeRTOS/Source/tasks.o
 .bss.xTickCount
                0x0000000020000bc0        0x4 Middlewares/Third_Party/FreeRTOS/Source/tasks.o
 .bss.uxTopReadyPriority
                0x0000000020000bc4        0x4 Middlewares/Third_Party/FreeRTOS/Source/tasks.o
 .bss.xSchedulerRunning
                0x0000000020000bc8        0x4 Middlewares/Third_Party/FreeRTOS/Source/tasks.o
 .bss.uxPendedTicks
                0x0000000020000bcc        0x4 Middlewares/Third_Party/FreeRTOS/Source/tasks.o
 .bss.xYieldPending
                0x0000000020000bd0        0x4 Middlewares/Third_Party/FreeRTOS/Source/tasks.o
 .bss.xNumOfOverflows
                0x0000000020000bd4        0x4 Middlewares/Third_Party/FreeRTOS/Source/tasks.o
 .bss.uxTaskNumber
                0x0000000020000bd8        0x4 Middlewares/Third_Party/FreeRTOS/Source/tasks.o
 .bss.xNextTaskUnblockTime
                0x0000000020000bdc        0x4 Middlewares/Third_Party/FreeRTOS/Source/tasks.o
 .bss.xIdleTaskHandle
                0x0000000020000be0        0x4 Middlewares/Third_Party/FreeRTOS/Source/tasks.o
 .bss.uxSchedulerSuspended
                0x0000000020000be4        0x4 Middlewares/Third_Party/FreeRTOS/Source/tasks.o
 .bss.xActiveTimerList1
                0x0000000020000be8       0x14 Middlewares/Third_Party/FreeRTOS/Source/timers.o
 .bss.xActiveTimerList2
                0x0000000020000bfc       0x14 Middlewares/Third_Party/FreeRTOS/Source/timers.o
 .bss.pxCurrentTimerList
                0x0000000020000c10        0x4 Middlewares/Third_Party/FreeRTOS/Source/timers.o
 .bss.pxOverflowTimerList
                0x0000000020000c14        0x4 Middlewares/Third_Party/FreeRTOS/Source/timers.o
 .bss.xTimerQueue
                0x0000000020000c18        0x4 Middlewares/Third_Party/FreeRTOS/Source/timers.o
 .bss.xTimerTaskHandle
                0x0000000020000c1c        0x4 Middlewares/Third_Party/FreeRTOS/Source/timers.o
 .bss.xLastTime.6887
                0x0000000020000c20        0x4 Middlewares/Third_Party/FreeRTOS/Source/timers.o
 .bss.ucStaticTimerQueueStorage.6938
                0x0000000020000c24       0xa0 Middlewares/Third_Party/FreeRTOS/Source/timers.o
 .bss.xStaticTimerQueue.6937
                0x0000000020000cc4       0x50 Middlewares/Third_Party/FreeRTOS/Source/timers.o
 .bss.ucMaxSysCallPriority
                0x0000000020000d14        0x1 Middlewares/Third_Party/FreeRTOS/Source/portable/GCC/ARM_CM4F/port.o
 *fill*         0x0000000020000d15        0x3 
 .bss.ulMaxPRIGROUPValue
                0x0000000020000d18        0x4 Middlewares/Third_Party/FreeRTOS/Source/portable/GCC/ARM_CM4F/port.o
 .bss.ucHeap    0x0000000020000d1c      0xc00 Middlewares/Third_Party/FreeRTOS/Source/portable/MemMang/heap_4.o
 .bss.xStart    0x000000002000191c        0x8 Middlewares/Third_Party/FreeRTOS/Source/portable/MemMang/heap_4.o
 .bss.pxEnd     0x0000000020001924        0x4 Middlewares/Third_Party/FreeRTOS/Source/portable/MemMang/heap_4.o
 .bss.xFreeBytesRemaining
                0x0000000020001928        0x4 Middlewares/Third_Party/FreeRTOS/Source/portable/MemMang/heap_4.o
 .bss.xMinimumEverFreeBytesRemaining
                0x000000002000192c        0x4 Middlewares/Third_Party/FreeRTOS/Source/portable/MemMang/heap_4.o
 .bss.xBlockAllocatedBit
                0x0000000020001930        0x4 Middlewares/Third_Party/FreeRTOS/Source/portable/MemMang/heap_4.o
 *(COMMON)
 COMMON         0x0000000020001934       0x28 Core/Src/can.o
                0x0000000020001934                hcan
 COMMON         0x000000002000195c        0x8 Core/Src/freertos.o
                0x000000002000195c                defaultTaskHandle
                0x0000000020001960                imu_task_handle
 COMMON         0x0000000020001964       0x4c Core/Src/i2c.o
                0x0000000020001964                hi2c1
 COMMON         0x00000000200019b0       0x4c Core/Src/stm32f3xx_hal_timebase_tim.o
                0x00000000200019b0                htim2
 COMMON         0x00000000200019fc       0x84 Core/Src/usart.o
                0x00000000200019fc                huart2
 COMMON         0x0000000020001a80        0x4 Drivers/STM32F3xx_HAL_Driver/Src/stm32f3xx_hal.o
                0x0000000020001a80                uwTick
 COMMON         0x0000000020001a84       0x40 Middlewares/Third_Party/FreeRTOS/Source/queue.o
                0x0000000020001a84                xQueueRegistry
                0x0000000020001ac4                . = ALIGN (0x4)
                0x0000000020001ac4                _ebss = .
                0x0000000020001ac4                __bss_end__ = _ebss

._user_heap_stack
                0x0000000020001ac4      0x604 load address 0x0000000008006be4
                0x0000000020001ac8                . = ALIGN (0x8)
 *fill*         0x0000000020001ac4        0x4 
                [!provide]                        PROVIDE (end = .)
                0x0000000020001ac8                PROVIDE (_end = .)
                0x0000000020001cc8                . = (. + _Min_Heap_Size)
 *fill*         0x0000000020001ac8      0x200 
                0x00000000200020c8                . = (. + _Min_Stack_Size)
 *fill*         0x0000000020001cc8      0x400 
                0x00000000200020c8                . = ALIGN (0x8)

/DISCARD/
 libc.a(*)
 libm.a(*)
 libgcc.a(*)

.ARM.attributes
                0x0000000000000000       0x30
 *(.ARM.attributes)
 .ARM.attributes
                0x0000000000000000       0x1e c:/st/stm32cubeide_1.6.1/stm32cubeide/plugins/com.st.stm32cube.ide.mcu.externaltools.gnu-tools-for-stm32.9-2020-q2-update.win32_1.5.0.202011040924/tools/bin/../lib/gcc/arm-none-eabi/9.3.1/thumb/v7e-m+fp/hard/crti.o
 .ARM.attributes
                0x000000000000001e       0x34 c:/st/stm32cubeide_1.6.1/stm32cubeide/plugins/com.st.stm32cube.ide.mcu.externaltools.gnu-tools-for-stm32.9-2020-q2-update.win32_1.5.0.202011040924/tools/bin/../lib/gcc/arm-none-eabi/9.3.1/thumb/v7e-m+fp/hard/crtbegin.o
 .ARM.attributes
                0x0000000000000052       0x34 Core/Src/LSM6DS3_ACC_GYRO_driver.o
 .ARM.attributes
                0x0000000000000086       0x34 Core/Src/can.o
 .ARM.attributes
                0x00000000000000ba       0x34 Core/Src/freertos.o
 .ARM.attributes
                0x00000000000000ee       0x34 Core/Src/gpio.o
 .ARM.attributes
                0x0000000000000122       0x34 Core/Src/i2c.o
 .ARM.attributes
                0x0000000000000156       0x34 Core/Src/imu_task.o
 .ARM.attributes
                0x000000000000018a       0x34 Core/Src/main.o
 .ARM.attributes
                0x00000000000001be       0x34 Core/Src/stm32f3xx_hal_msp.o
 .ARM.attributes
                0x00000000000001f2       0x34 Core/Src/stm32f3xx_hal_timebase_tim.o
 .ARM.attributes
                0x0000000000000226       0x34 Core/Src/stm32f3xx_it.o
 .ARM.attributes
                0x000000000000025a       0x34 Core/Src/system_stm32f3xx.o
 .ARM.attributes
                0x000000000000028e       0x34 Core/Src/usart.o
 .ARM.attributes
                0x00000000000002c2       0x21 Core/Startup/startup_stm32f303k8tx.o
 .ARM.attributes
                0x00000000000002e3       0x34 Drivers/STM32F3xx_HAL_Driver/Src/stm32f3xx_hal.o
 .ARM.attributes
                0x0000000000000317       0x34 Drivers/STM32F3xx_HAL_Driver/Src/stm32f3xx_hal_can.o
 .ARM.attributes
                0x000000000000034b       0x34 Drivers/STM32F3xx_HAL_Driver/Src/stm32f3xx_hal_cortex.o
 .ARM.attributes
                0x000000000000037f       0x34 Drivers/STM32F3xx_HAL_Driver/Src/stm32f3xx_hal_gpio.o
 .ARM.attributes
                0x00000000000003b3       0x34 Drivers/STM32F3xx_HAL_Driver/Src/stm32f3xx_hal_i2c.o
 .ARM.attributes
                0x00000000000003e7       0x34 Drivers/STM32F3xx_HAL_Driver/Src/stm32f3xx_hal_rcc.o
 .ARM.attributes
                0x000000000000041b       0x34 Drivers/STM32F3xx_HAL_Driver/Src/stm32f3xx_hal_rcc_ex.o
 .ARM.attributes
                0x000000000000044f       0x34 Drivers/STM32F3xx_HAL_Driver/Src/stm32f3xx_hal_tim.o
 .ARM.attributes
                0x0000000000000483       0x34 Drivers/STM32F3xx_HAL_Driver/Src/stm32f3xx_hal_tim_ex.o
 .ARM.attributes
                0x00000000000004b7       0x34 Drivers/STM32F3xx_HAL_Driver/Src/stm32f3xx_hal_uart.o
 .ARM.attributes
                0x00000000000004eb       0x34 Middlewares/Third_Party/FreeRTOS/Source/CMSIS_RTOS_V2/cmsis_os2.o
 .ARM.attributes
                0x000000000000051f       0x34 Middlewares/Third_Party/FreeRTOS/Source/list.o
 .ARM.attributes
                0x0000000000000553       0x34 Middlewares/Third_Party/FreeRTOS/Source/queue.o
 .ARM.attributes
                0x0000000000000587       0x34 Middlewares/Third_Party/FreeRTOS/Source/tasks.o
 .ARM.attributes
                0x00000000000005bb       0x34 Middlewares/Third_Party/FreeRTOS/Source/timers.o
 .ARM.attributes
                0x00000000000005ef       0x34 Middlewares/Third_Party/FreeRTOS/Source/portable/GCC/ARM_CM4F/port.o
 .ARM.attributes
                0x0000000000000623       0x34 Middlewares/Third_Party/FreeRTOS/Source/portable/MemMang/heap_4.o
 .ARM.attributes
                0x0000000000000657       0x34 c:/st/stm32cubeide_1.6.1/stm32cubeide/plugins/com.st.stm32cube.ide.mcu.externaltools.gnu-tools-for-stm32.9-2020-q2-update.win32_1.5.0.202011040924/tools/bin/../lib/gcc/arm-none-eabi/9.3.1/../../../../arm-none-eabi/lib/thumb/v7e-m+fp/hard\libc_nano.a(lib_a-init.o)
 .ARM.attributes
                0x000000000000068b       0x34 c:/st/stm32cubeide_1.6.1/stm32cubeide/plugins/com.st.stm32cube.ide.mcu.externaltools.gnu-tools-for-stm32.9-2020-q2-update.win32_1.5.0.202011040924/tools/bin/../lib/gcc/arm-none-eabi/9.3.1/../../../../arm-none-eabi/lib/thumb/v7e-m+fp/hard\libc_nano.a(lib_a-memcpy-stub.o)
 .ARM.attributes
                0x00000000000006bf       0x34 c:/st/stm32cubeide_1.6.1/stm32cubeide/plugins/com.st.stm32cube.ide.mcu.externaltools.gnu-tools-for-stm32.9-2020-q2-update.win32_1.5.0.202011040924/tools/bin/../lib/gcc/arm-none-eabi/9.3.1/../../../../arm-none-eabi/lib/thumb/v7e-m+fp/hard\libc_nano.a(lib_a-memset.o)
 .ARM.attributes
                0x00000000000006f3       0x1e c:/st/stm32cubeide_1.6.1/stm32cubeide/plugins/com.st.stm32cube.ide.mcu.externaltools.gnu-tools-for-stm32.9-2020-q2-update.win32_1.5.0.202011040924/tools/bin/../lib/gcc/arm-none-eabi/9.3.1/thumb/v7e-m+fp/hard/crtn.o
OUTPUT(kacsalab_ccs.elf elf32-littlearm)
LOAD linker stubs
LOAD c:/st/stm32cubeide_1.6.1/stm32cubeide/plugins/com.st.stm32cube.ide.mcu.externaltools.gnu-tools-for-stm32.9-2020-q2-update.win32_1.5.0.202011040924/tools/bin/../lib/gcc/arm-none-eabi/9.3.1/../../../../arm-none-eabi/lib/thumb/v7e-m+fp/hard\libc.a
LOAD c:/st/stm32cubeide_1.6.1/stm32cubeide/plugins/com.st.stm32cube.ide.mcu.externaltools.gnu-tools-for-stm32.9-2020-q2-update.win32_1.5.0.202011040924/tools/bin/../lib/gcc/arm-none-eabi/9.3.1/../../../../arm-none-eabi/lib/thumb/v7e-m+fp/hard\libm.a
LOAD c:/st/stm32cubeide_1.6.1/stm32cubeide/plugins/com.st.stm32cube.ide.mcu.externaltools.gnu-tools-for-stm32.9-2020-q2-update.win32_1.5.0.202011040924/tools/bin/../lib/gcc/arm-none-eabi/9.3.1/thumb/v7e-m+fp/hard\libgcc.a

.debug_info     0x0000000000000000    0x2512a
 .debug_info    0x0000000000000000     0x71db Core/Src/LSM6DS3_ACC_GYRO_driver.o
 .debug_info    0x00000000000071db      0x82c Core/Src/can.o
 .debug_info    0x0000000000007a07      0x41b Core/Src/freertos.o
 .debug_info    0x0000000000007e22      0x2b6 Core/Src/gpio.o
 .debug_info    0x00000000000080d8      0x97b Core/Src/i2c.o
 .debug_info    0x0000000000008a53      0xa3e Core/Src/imu_task.o
 .debug_info    0x0000000000009491     0x13de Core/Src/main.o
 .debug_info    0x000000000000a86f      0x3e0 Core/Src/stm32f3xx_hal_msp.o
 .debug_info    0x000000000000ac4f      0xa98 Core/Src/stm32f3xx_hal_timebase_tim.o
 .debug_info    0x000000000000b6e7      0x7cc Core/Src/stm32f3xx_it.o
 .debug_info    0x000000000000beb3      0x49a Core/Src/system_stm32f3xx.o
 .debug_info    0x000000000000c34d      0x9d2 Core/Src/usart.o
 .debug_info    0x000000000000cd1f       0x22 Core/Startup/startup_stm32f303k8tx.o
 .debug_info    0x000000000000cd41      0x7b3 Drivers/STM32F3xx_HAL_Driver/Src/stm32f3xx_hal.o
 .debug_info    0x000000000000d4f4     0x107c Drivers/STM32F3xx_HAL_Driver/Src/stm32f3xx_hal_can.o
 .debug_info    0x000000000000e570      0xbdf Drivers/STM32F3xx_HAL_Driver/Src/stm32f3xx_hal_cortex.o
 .debug_info    0x000000000000f14f      0x83d Drivers/STM32F3xx_HAL_Driver/Src/stm32f3xx_hal_gpio.o
 .debug_info    0x000000000000f98c     0x21c4 Drivers/STM32F3xx_HAL_Driver/Src/stm32f3xx_hal_i2c.o
 .debug_info    0x0000000000011b50     0x15b5 Drivers/STM32F3xx_HAL_Driver/Src/stm32f3xx_hal_rcc.o
 .debug_info    0x0000000000013105      0x60f Drivers/STM32F3xx_HAL_Driver/Src/stm32f3xx_hal_rcc_ex.o
 .debug_info    0x0000000000013714     0x2b64 Drivers/STM32F3xx_HAL_Driver/Src/stm32f3xx_hal_tim.o
 .debug_info    0x0000000000016278     0x157e Drivers/STM32F3xx_HAL_Driver/Src/stm32f3xx_hal_tim_ex.o
 .debug_info    0x00000000000177f6     0x17f6 Drivers/STM32F3xx_HAL_Driver/Src/stm32f3xx_hal_uart.o
 .debug_info    0x0000000000018fec     0x3cd3 Middlewares/Third_Party/FreeRTOS/Source/CMSIS_RTOS_V2/cmsis_os2.o
 .debug_info    0x000000000001ccbf      0xb7c Middlewares/Third_Party/FreeRTOS/Source/list.o
 .debug_info    0x000000000001d83b     0x22de Middlewares/Third_Party/FreeRTOS/Source/queue.o
 .debug_info    0x000000000001fb19     0x29ae Middlewares/Third_Party/FreeRTOS/Source/tasks.o
 .debug_info    0x00000000000224c7     0x1afb Middlewares/Third_Party/FreeRTOS/Source/timers.o
 .debug_info    0x0000000000023fc2      0x4f1 Middlewares/Third_Party/FreeRTOS/Source/portable/GCC/ARM_CM4F/port.o
 .debug_info    0x00000000000244b3      0xc77 Middlewares/Third_Party/FreeRTOS/Source/portable/MemMang/heap_4.o

.debug_abbrev   0x0000000000000000     0x3f9e
 .debug_abbrev  0x0000000000000000      0x1c8 Core/Src/LSM6DS3_ACC_GYRO_driver.o
 .debug_abbrev  0x00000000000001c8      0x1d5 Core/Src/can.o
 .debug_abbrev  0x000000000000039d      0x13a Core/Src/freertos.o
 .debug_abbrev  0x00000000000004d7      0x11d Core/Src/gpio.o
 .debug_abbrev  0x00000000000005f4      0x1c6 Core/Src/i2c.o
 .debug_abbrev  0x00000000000007ba      0x1d0 Core/Src/imu_task.o
 .debug_abbrev  0x000000000000098a      0x227 Core/Src/main.o
 .debug_abbrev  0x0000000000000bb1      0x126 Core/Src/stm32f3xx_hal_msp.o
 .debug_abbrev  0x0000000000000cd7      0x1bf Core/Src/stm32f3xx_hal_timebase_tim.o
 .debug_abbrev  0x0000000000000e96      0x176 Core/Src/stm32f3xx_it.o
 .debug_abbrev  0x000000000000100c      0x145 Core/Src/system_stm32f3xx.o
 .debug_abbrev  0x0000000000001151      0x1bb Core/Src/usart.o
 .debug_abbrev  0x000000000000130c       0x12 Core/Startup/startup_stm32f303k8tx.o
 .debug_abbrev  0x000000000000131e      0x1ed Drivers/STM32F3xx_HAL_Driver/Src/stm32f3xx_hal.o
 .debug_abbrev  0x000000000000150b      0x215 Drivers/STM32F3xx_HAL_Driver/Src/stm32f3xx_hal_can.o
 .debug_abbrev  0x0000000000001720      0x313 Drivers/STM32F3xx_HAL_Driver/Src/stm32f3xx_hal_cortex.o
 .debug_abbrev  0x0000000000001a33      0x1e8 Drivers/STM32F3xx_HAL_Driver/Src/stm32f3xx_hal_gpio.o
 .debug_abbrev  0x0000000000001c1b      0x256 Drivers/STM32F3xx_HAL_Driver/Src/stm32f3xx_hal_i2c.o
 .debug_abbrev  0x0000000000001e71      0x2c4 Drivers/STM32F3xx_HAL_Driver/Src/stm32f3xx_hal_rcc.o
 .debug_abbrev  0x0000000000002135      0x22b Drivers/STM32F3xx_HAL_Driver/Src/stm32f3xx_hal_rcc_ex.o
 .debug_abbrev  0x0000000000002360      0x25e Drivers/STM32F3xx_HAL_Driver/Src/stm32f3xx_hal_tim.o
 .debug_abbrev  0x00000000000025be      0x266 Drivers/STM32F3xx_HAL_Driver/Src/stm32f3xx_hal_tim_ex.o
 .debug_abbrev  0x0000000000002824      0x23f Drivers/STM32F3xx_HAL_Driver/Src/stm32f3xx_hal_uart.o
 .debug_abbrev  0x0000000000002a63      0x3ed Middlewares/Third_Party/FreeRTOS/Source/CMSIS_RTOS_V2/cmsis_os2.o
 .debug_abbrev  0x0000000000002e50      0x1f7 Middlewares/Third_Party/FreeRTOS/Source/list.o
 .debug_abbrev  0x0000000000003047      0x3a2 Middlewares/Third_Party/FreeRTOS/Source/queue.o
 .debug_abbrev  0x00000000000033e9      0x39a Middlewares/Third_Party/FreeRTOS/Source/tasks.o
 .debug_abbrev  0x0000000000003783      0x317 Middlewares/Third_Party/FreeRTOS/Source/timers.o
 .debug_abbrev  0x0000000000003a9a      0x231 Middlewares/Third_Party/FreeRTOS/Source/portable/GCC/ARM_CM4F/port.o
 .debug_abbrev  0x0000000000003ccb      0x2d3 Middlewares/Third_Party/FreeRTOS/Source/portable/MemMang/heap_4.o

.debug_aranges  0x0000000000000000     0x2188
 .debug_aranges
                0x0000000000000000      0x9a8 Core/Src/LSM6DS3_ACC_GYRO_driver.o
 .debug_aranges
                0x00000000000009a8       0x30 Core/Src/can.o
 .debug_aranges
                0x00000000000009d8       0x28 Core/Src/freertos.o
 .debug_aranges
                0x0000000000000a00       0x20 Core/Src/gpio.o
 .debug_aranges
                0x0000000000000a20       0x30 Core/Src/i2c.o
 .debug_aranges
                0x0000000000000a50       0x38 Core/Src/imu_task.o
 .debug_aranges
                0x0000000000000a88       0x38 Core/Src/main.o
 .debug_aranges
                0x0000000000000ac0       0x20 Core/Src/stm32f3xx_hal_msp.o
 .debug_aranges
                0x0000000000000ae0       0x30 Core/Src/stm32f3xx_hal_timebase_tim.o
 .debug_aranges
                0x0000000000000b10       0x50 Core/Src/stm32f3xx_it.o
 .debug_aranges
                0x0000000000000b60       0x28 Core/Src/system_stm32f3xx.o
 .debug_aranges
                0x0000000000000b88       0x30 Core/Src/usart.o
 .debug_aranges
                0x0000000000000bb8       0x28 Core/Startup/startup_stm32f303k8tx.o
 .debug_aranges
                0x0000000000000be0       0xe0 Drivers/STM32F3xx_HAL_Driver/Src/stm32f3xx_hal.o
 .debug_aranges
                0x0000000000000cc0      0x138 Drivers/STM32F3xx_HAL_Driver/Src/stm32f3xx_hal_can.o
 .debug_aranges
                0x0000000000000df8      0x100 Drivers/STM32F3xx_HAL_Driver/Src/stm32f3xx_hal_cortex.o
 .debug_aranges
                0x0000000000000ef8       0x58 Drivers/STM32F3xx_HAL_Driver/Src/stm32f3xx_hal_gpio.o
 .debug_aranges
                0x0000000000000f50      0x290 Drivers/STM32F3xx_HAL_Driver/Src/stm32f3xx_hal_i2c.o
 .debug_aranges
                0x00000000000011e0       0x88 Drivers/STM32F3xx_HAL_Driver/Src/stm32f3xx_hal_rcc.o
 .debug_aranges
                0x0000000000001268       0x38 Drivers/STM32F3xx_HAL_Driver/Src/stm32f3xx_hal_rcc_ex.o
 .debug_aranges
                0x00000000000012a0      0x3e0 Drivers/STM32F3xx_HAL_Driver/Src/stm32f3xx_hal_tim.o
 .debug_aranges
                0x0000000000001680      0x178 Drivers/STM32F3xx_HAL_Driver/Src/stm32f3xx_hal_tim_ex.o
 .debug_aranges
                0x00000000000017f8      0x228 Drivers/STM32F3xx_HAL_Driver/Src/stm32f3xx_hal_uart.o
 .debug_aranges
                0x0000000000001a20      0x228 Middlewares/Third_Party/FreeRTOS/Source/CMSIS_RTOS_V2/cmsis_os2.o
 .debug_aranges
                0x0000000000001c48       0x40 Middlewares/Third_Party/FreeRTOS/Source/list.o
 .debug_aranges
                0x0000000000001c88      0x158 Middlewares/Third_Party/FreeRTOS/Source/queue.o
 .debug_aranges
                0x0000000000001de0      0x1f8 Middlewares/Third_Party/FreeRTOS/Source/tasks.o
 .debug_aranges
                0x0000000000001fd8       0xe0 Middlewares/Third_Party/FreeRTOS/Source/timers.o
 .debug_aranges
                0x00000000000020b8       0x80 Middlewares/Third_Party/FreeRTOS/Source/portable/GCC/ARM_CM4F/port.o
 .debug_aranges
                0x0000000000002138       0x50 Middlewares/Third_Party/FreeRTOS/Source/portable/MemMang/heap_4.o

.debug_ranges   0x0000000000000000     0x1fe0
 .debug_ranges  0x0000000000000000      0x998 Core/Src/LSM6DS3_ACC_GYRO_driver.o
 .debug_ranges  0x0000000000000998       0x20 Core/Src/can.o
 .debug_ranges  0x00000000000009b8       0x18 Core/Src/freertos.o
 .debug_ranges  0x00000000000009d0       0x10 Core/Src/gpio.o
 .debug_ranges  0x00000000000009e0       0x20 Core/Src/i2c.o
 .debug_ranges  0x0000000000000a00       0x28 Core/Src/imu_task.o
 .debug_ranges  0x0000000000000a28       0x28 Core/Src/main.o
 .debug_ranges  0x0000000000000a50       0x10 Core/Src/stm32f3xx_hal_msp.o
 .debug_ranges  0x0000000000000a60       0x20 Core/Src/stm32f3xx_hal_timebase_tim.o
 .debug_ranges  0x0000000000000a80       0x40 Core/Src/stm32f3xx_it.o
 .debug_ranges  0x0000000000000ac0       0x18 Core/Src/system_stm32f3xx.o
 .debug_ranges  0x0000000000000ad8       0x20 Core/Src/usart.o
 .debug_ranges  0x0000000000000af8       0x20 Core/Startup/startup_stm32f303k8tx.o
 .debug_ranges  0x0000000000000b18       0xd0 Drivers/STM32F3xx_HAL_Driver/Src/stm32f3xx_hal.o
 .debug_ranges  0x0000000000000be8      0x128 Drivers/STM32F3xx_HAL_Driver/Src/stm32f3xx_hal_can.o
 .debug_ranges  0x0000000000000d10       0xf0 Drivers/STM32F3xx_HAL_Driver/Src/stm32f3xx_hal_cortex.o
 .debug_ranges  0x0000000000000e00       0x48 Drivers/STM32F3xx_HAL_Driver/Src/stm32f3xx_hal_gpio.o
 .debug_ranges  0x0000000000000e48      0x280 Drivers/STM32F3xx_HAL_Driver/Src/stm32f3xx_hal_i2c.o
 .debug_ranges  0x00000000000010c8       0x78 Drivers/STM32F3xx_HAL_Driver/Src/stm32f3xx_hal_rcc.o
 .debug_ranges  0x0000000000001140       0x28 Drivers/STM32F3xx_HAL_Driver/Src/stm32f3xx_hal_rcc_ex.o
 .debug_ranges  0x0000000000001168      0x3d0 Drivers/STM32F3xx_HAL_Driver/Src/stm32f3xx_hal_tim.o
 .debug_ranges  0x0000000000001538      0x168 Drivers/STM32F3xx_HAL_Driver/Src/stm32f3xx_hal_tim_ex.o
 .debug_ranges  0x00000000000016a0      0x248 Drivers/STM32F3xx_HAL_Driver/Src/stm32f3xx_hal_uart.o
 .debug_ranges  0x00000000000018e8      0x218 Middlewares/Third_Party/FreeRTOS/Source/CMSIS_RTOS_V2/cmsis_os2.o
 .debug_ranges  0x0000000000001b00       0x30 Middlewares/Third_Party/FreeRTOS/Source/list.o
 .debug_ranges  0x0000000000001b30      0x148 Middlewares/Third_Party/FreeRTOS/Source/queue.o
 .debug_ranges  0x0000000000001c78      0x1e8 Middlewares/Third_Party/FreeRTOS/Source/tasks.o
 .debug_ranges  0x0000000000001e60       0xd0 Middlewares/Third_Party/FreeRTOS/Source/timers.o
 .debug_ranges  0x0000000000001f30       0x70 Middlewares/Third_Party/FreeRTOS/Source/portable/GCC/ARM_CM4F/port.o
 .debug_ranges  0x0000000000001fa0       0x40 Middlewares/Third_Party/FreeRTOS/Source/portable/MemMang/heap_4.o

.debug_macro    0x0000000000000000    0x1ed59
 .debug_macro   0x0000000000000000       0x72 Core/Src/LSM6DS3_ACC_GYRO_driver.o
 .debug_macro   0x0000000000000072      0xaa8 Core/Src/LSM6DS3_ACC_GYRO_driver.o
 .debug_macro   0x0000000000000b1a       0x22 Core/Src/LSM6DS3_ACC_GYRO_driver.o
 .debug_macro   0x0000000000000b3c       0x8e Core/Src/LSM6DS3_ACC_GYRO_driver.o
 .debug_macro   0x0000000000000bca       0x51 Core/Src/LSM6DS3_ACC_GYRO_driver.o
 .debug_macro   0x0000000000000c1b      0x103 Core/Src/LSM6DS3_ACC_GYRO_driver.o
 .debug_macro   0x0000000000000d1e       0x6a Core/Src/LSM6DS3_ACC_GYRO_driver.o
 .debug_macro   0x0000000000000d88      0x1df Core/Src/LSM6DS3_ACC_GYRO_driver.o
 .debug_macro   0x0000000000000f67      0x829 Core/Src/LSM6DS3_ACC_GYRO_driver.o
 .debug_macro   0x0000000000001790      0x1e9 Core/Src/can.o
 .debug_macro   0x0000000000001979      0x15d Core/Src/can.o
 .debug_macro   0x0000000000001ad6       0x2e Core/Src/can.o
 .debug_macro   0x0000000000001b04       0x28 Core/Src/can.o
 .debug_macro   0x0000000000001b2c       0x1c Core/Src/can.o
 .debug_macro   0x0000000000001b48       0x22 Core/Src/can.o
 .debug_macro   0x0000000000001b6a       0xdf Core/Src/can.o
 .debug_macro   0x0000000000001c49      0xf07 Core/Src/can.o
 .debug_macro   0x0000000000002b50    0x10bd9 Core/Src/can.o
 .debug_macro   0x0000000000013729       0x43 Core/Src/can.o
 .debug_macro   0x000000000001376c     0x35e9 Core/Src/can.o
 .debug_macro   0x0000000000016d55      0x174 Core/Src/can.o
 .debug_macro   0x0000000000016ec9       0x55 Core/Src/can.o
 .debug_macro   0x0000000000016f1e      0x8f9 Core/Src/can.o
 .debug_macro   0x0000000000017817      0x304 Core/Src/can.o
 .debug_macro   0x0000000000017b1b      0x12f Core/Src/can.o
 .debug_macro   0x0000000000017c4a      0x11b Core/Src/can.o
 .debug_macro   0x0000000000017d65      0x1d5 Core/Src/can.o
 .debug_macro   0x0000000000017f3a      0x1bc Core/Src/can.o
 .debug_macro   0x00000000000180f6       0x34 Core/Src/can.o
 .debug_macro   0x000000000001812a       0x3c Core/Src/can.o
 .debug_macro   0x0000000000018166       0x57 Core/Src/can.o
 .debug_macro   0x00000000000181bd      0x408 Core/Src/can.o
 .debug_macro   0x00000000000185c5       0xc5 Core/Src/can.o
 .debug_macro   0x000000000001868a      0x19f Core/Src/can.o
 .debug_macro   0x0000000000018829      0x22c Core/Src/can.o
 .debug_macro   0x0000000000018a55       0x5b Core/Src/can.o
 .debug_macro   0x0000000000018ab0       0xa5 Core/Src/can.o
 .debug_macro   0x0000000000018b55       0x81 Core/Src/can.o
 .debug_macro   0x0000000000018bd6       0xd3 Core/Src/can.o
 .debug_macro   0x0000000000018ca9      0xa3d Core/Src/can.o
 .debug_macro   0x00000000000196e6       0x59 Core/Src/can.o
 .debug_macro   0x000000000001973f      0x5a5 Core/Src/can.o
 .debug_macro   0x0000000000019ce4       0x44 Core/Src/can.o
 .debug_macro   0x0000000000019d28      0x285 Core/Src/can.o
 .debug_macro   0x0000000000019fad       0x40 Core/Src/can.o
 .debug_macro   0x0000000000019fed      0x273 Core/Src/freertos.o
 .debug_macro   0x000000000001a260      0x122 Core/Src/freertos.o
 .debug_macro   0x000000000001a382      0x15a Core/Src/freertos.o
 .debug_macro   0x000000000001a4dc       0xc2 Core/Src/freertos.o
 .debug_macro   0x000000000001a59e       0x10 Core/Src/freertos.o
 .debug_macro   0x000000000001a5ae       0x1f Core/Src/freertos.o
 .debug_macro   0x000000000001a5cd      0x47f Core/Src/freertos.o
 .debug_macro   0x000000000001aa4c       0xb5 Core/Src/freertos.o
 .debug_macro   0x000000000001ab01       0x8c Core/Src/freertos.o
 .debug_macro   0x000000000001ab8d       0x5b Core/Src/freertos.o
 .debug_macro   0x000000000001abe8       0x74 Core/Src/freertos.o
 .debug_macro   0x000000000001ac5c       0xdd Core/Src/freertos.o
 .debug_macro   0x000000000001ad39      0x1e9 Core/Src/gpio.o
 .debug_macro   0x000000000001af22      0x1e9 Core/Src/i2c.o
 .debug_macro   0x000000000001b10b      0x26a Core/Src/imu_task.o
 .debug_macro   0x000000000001b375      0x829 Core/Src/imu_task.o
 .debug_macro   0x000000000001bb9e       0x10 Core/Src/imu_task.o
 .debug_macro   0x000000000001bbae       0xd9 Core/Src/imu_task.o
 .debug_macro   0x000000000001bc87      0x27e Core/Src/main.o
 .debug_macro   0x000000000001bf05      0x122 Core/Src/main.o
 .debug_macro   0x000000000001c027      0x1df Core/Src/stm32f3xx_hal_msp.o
 .debug_macro   0x000000000001c206      0x1d0 Core/Src/stm32f3xx_hal_timebase_tim.o
 .debug_macro   0x000000000001c3d6      0x1e9 Core/Src/stm32f3xx_it.o
 .debug_macro   0x000000000001c5bf      0x1d0 Core/Src/system_stm32f3xx.o
 .debug_macro   0x000000000001c78f      0x1e9 Core/Src/usart.o
 .debug_macro   0x000000000001c978      0x1f4 Drivers/STM32F3xx_HAL_Driver/Src/stm32f3xx_hal.o
 .debug_macro   0x000000000001cb6c      0x1d8 Drivers/STM32F3xx_HAL_Driver/Src/stm32f3xx_hal_can.o
 .debug_macro   0x000000000001cd44      0x1d0 Drivers/STM32F3xx_HAL_Driver/Src/stm32f3xx_hal_cortex.o
 .debug_macro   0x000000000001cf14      0x208 Drivers/STM32F3xx_HAL_Driver/Src/stm32f3xx_hal_gpio.o
 .debug_macro   0x000000000001d11c      0x295 Drivers/STM32F3xx_HAL_Driver/Src/stm32f3xx_hal_i2c.o
 .debug_macro   0x000000000001d3b1      0x1f4 Drivers/STM32F3xx_HAL_Driver/Src/stm32f3xx_hal_rcc.o
 .debug_macro   0x000000000001d5a5      0x1d0 Drivers/STM32F3xx_HAL_Driver/Src/stm32f3xx_hal_rcc_ex.o
 .debug_macro   0x000000000001d775      0x1d1 Drivers/STM32F3xx_HAL_Driver/Src/stm32f3xx_hal_tim.o
 .debug_macro   0x000000000001d946      0x1d0 Drivers/STM32F3xx_HAL_Driver/Src/stm32f3xx_hal_tim_ex.o
 .debug_macro   0x000000000001db16      0x1ed Drivers/STM32F3xx_HAL_Driver/Src/stm32f3xx_hal_uart.o
 .debug_macro   0x000000000001dd03      0x247 Middlewares/Third_Party/FreeRTOS/Source/CMSIS_RTOS_V2/cmsis_os2.o
 .debug_macro   0x000000000001df4a       0x10 Middlewares/Third_Party/FreeRTOS/Source/CMSIS_RTOS_V2/cmsis_os2.o
 .debug_macro   0x000000000001df5a       0x20 Middlewares/Third_Party/FreeRTOS/Source/CMSIS_RTOS_V2/cmsis_os2.o
 .debug_macro   0x000000000001df7a       0xd3 Middlewares/Third_Party/FreeRTOS/Source/CMSIS_RTOS_V2/cmsis_os2.o
 .debug_macro   0x000000000001e04d       0x91 Middlewares/Third_Party/FreeRTOS/Source/CMSIS_RTOS_V2/cmsis_os2.o
 .debug_macro   0x000000000001e0de       0x8d Middlewares/Third_Party/FreeRTOS/Source/CMSIS_RTOS_V2/cmsis_os2.o
 .debug_macro   0x000000000001e16b       0x9a Middlewares/Third_Party/FreeRTOS/Source/CMSIS_RTOS_V2/cmsis_os2.o
 .debug_macro   0x000000000001e205      0x187 Middlewares/Third_Party/FreeRTOS/Source/list.o
 .debug_macro   0x000000000001e38c      0x212 Middlewares/Third_Party/FreeRTOS/Source/queue.o
 .debug_macro   0x000000000001e59e       0x16 Middlewares/Third_Party/FreeRTOS/Source/queue.o
 .debug_macro   0x000000000001e5b4      0x287 Middlewares/Third_Party/FreeRTOS/Source/tasks.o
 .debug_macro   0x000000000001e83b       0x10 Middlewares/Third_Party/FreeRTOS/Source/tasks.o
 .debug_macro   0x000000000001e84b      0x1ca Middlewares/Third_Party/FreeRTOS/Source/timers.o
 .debug_macro   0x000000000001ea15      0x196 Middlewares/Third_Party/FreeRTOS/Source/portable/GCC/ARM_CM4F/port.o
 .debug_macro   0x000000000001ebab      0x1ae Middlewares/Third_Party/FreeRTOS/Source/portable/MemMang/heap_4.o

.debug_line     0x0000000000000000    0x1ff30
 .debug_line    0x0000000000000000     0x37bd Core/Src/LSM6DS3_ACC_GYRO_driver.o
 .debug_line    0x00000000000037bd      0x767 Core/Src/can.o
 .debug_line    0x0000000000003f24      0x879 Core/Src/freertos.o
 .debug_line    0x000000000000479d      0x6f7 Core/Src/gpio.o
 .debug_line    0x0000000000004e94      0x766 Core/Src/i2c.o
 .debug_line    0x00000000000055fa      0x961 Core/Src/imu_task.o
 .debug_line    0x0000000000005f5b      0x905 Core/Src/main.o
 .debug_line    0x0000000000006860      0x6fb Core/Src/stm32f3xx_hal_msp.o
 .debug_line    0x0000000000006f5b      0x759 Core/Src/stm32f3xx_hal_timebase_tim.o
 .debug_line    0x00000000000076b4      0x796 Core/Src/stm32f3xx_it.o
 .debug_line    0x0000000000007e4a      0x770 Core/Src/system_stm32f3xx.o
 .debug_line    0x00000000000085ba      0x769 Core/Src/usart.o
 .debug_line    0x0000000000008d23       0x88 Core/Startup/startup_stm32f303k8tx.o
 .debug_line    0x0000000000008dab      0x9a5 Drivers/STM32F3xx_HAL_Driver/Src/stm32f3xx_hal.o
 .debug_line    0x0000000000009750     0x1144 Drivers/STM32F3xx_HAL_Driver/Src/stm32f3xx_hal_can.o
 .debug_line    0x000000000000a894      0xb8d Drivers/STM32F3xx_HAL_Driver/Src/stm32f3xx_hal_cortex.o
 .debug_line    0x000000000000b421      0xafc Drivers/STM32F3xx_HAL_Driver/Src/stm32f3xx_hal_gpio.o
 .debug_line    0x000000000000bf1d     0x32ba Drivers/STM32F3xx_HAL_Driver/Src/stm32f3xx_hal_i2c.o
 .debug_line    0x000000000000f1d7     0x1380 Drivers/STM32F3xx_HAL_Driver/Src/stm32f3xx_hal_rcc.o
 .debug_line    0x0000000000010557      0xa48 Drivers/STM32F3xx_HAL_Driver/Src/stm32f3xx_hal_rcc_ex.o
 .debug_line    0x0000000000010f9f     0x3b0e Drivers/STM32F3xx_HAL_Driver/Src/stm32f3xx_hal_tim.o
 .debug_line    0x0000000000014aad     0x1bec Drivers/STM32F3xx_HAL_Driver/Src/stm32f3xx_hal_tim_ex.o
 .debug_line    0x0000000000016699     0x1c29 Drivers/STM32F3xx_HAL_Driver/Src/stm32f3xx_hal_uart.o
 .debug_line    0x00000000000182c2     0x2459 Middlewares/Third_Party/FreeRTOS/Source/CMSIS_RTOS_V2/cmsis_os2.o
 .debug_line    0x000000000001a71b      0x70b Middlewares/Third_Party/FreeRTOS/Source/list.o
 .debug_line    0x000000000001ae26     0x16ce Middlewares/Third_Party/FreeRTOS/Source/queue.o
 .debug_line    0x000000000001c4f4     0x1d25 Middlewares/Third_Party/FreeRTOS/Source/tasks.o
 .debug_line    0x000000000001e219      0xc9b Middlewares/Third_Party/FreeRTOS/Source/timers.o
 .debug_line    0x000000000001eeb4      0x7af Middlewares/Third_Party/FreeRTOS/Source/portable/GCC/ARM_CM4F/port.o
 .debug_line    0x000000000001f663      0x8cd Middlewares/Third_Party/FreeRTOS/Source/portable/MemMang/heap_4.o

.debug_str      0x0000000000000000    0xba854
 .debug_str     0x0000000000000000     0xd282 Core/Src/LSM6DS3_ACC_GYRO_driver.o
                                       0xd3f5 (size before relaxing)
 .debug_str     0x000000000000d282    0x9b982 Core/Src/can.o
                                      0x9f7be (size before relaxing)
 .debug_str     0x00000000000a8c04     0x48ef Core/Src/freertos.o
                                      0xa3cdc (size before relaxing)
 .debug_str     0x00000000000ad4f3       0x2c Core/Src/gpio.o
                                      0x9f454 (size before relaxing)
 .debug_str     0x00000000000ad51f      0x431 Core/Src/i2c.o
                                      0x9f9aa (size before relaxing)
 .debug_str     0x00000000000ad950       0xa1 Core/Src/imu_task.o
                                      0xa6023 (size before relaxing)
 .debug_str     0x00000000000ad9f1      0x6bb Core/Src/main.o
                                      0xa393b (size before relaxing)
 .debug_str     0x00000000000ae0ac      0x269 Core/Src/stm32f3xx_hal_msp.o
                                      0x9f738 (size before relaxing)
 .debug_str     0x00000000000ae315       0x98 Core/Src/stm32f3xx_hal_timebase_tim.o
                                      0x9fc44 (size before relaxing)
 .debug_str     0x00000000000ae3ad       0xa2 Core/Src/stm32f3xx_it.o
                                      0x9f96c (size before relaxing)
 .debug_str     0x00000000000ae44f       0xb3 Core/Src/system_stm32f3xx.o
                                      0x9f3fa (size before relaxing)
 .debug_str     0x00000000000ae502       0x57 Core/Src/usart.o
                                      0x9f921 (size before relaxing)
 .debug_str     0x00000000000ae559       0x36 Core/Startup/startup_stm32f303k8tx.o
                                         0x8a (size before relaxing)
 .debug_str     0x00000000000ae58f      0x2cc Drivers/STM32F3xx_HAL_Driver/Src/stm32f3xx_hal.o
                                      0x9fa48 (size before relaxing)
 .debug_str     0x00000000000ae85b      0x56e Drivers/STM32F3xx_HAL_Driver/Src/stm32f3xx_hal_can.o
                                      0x9fba1 (size before relaxing)
 .debug_str     0x00000000000aedc9      0x27b Drivers/STM32F3xx_HAL_Driver/Src/stm32f3xx_hal_cortex.o
                                      0x9fa29 (size before relaxing)
 .debug_str     0x00000000000af044      0x294 Drivers/STM32F3xx_HAL_Driver/Src/stm32f3xx_hal_gpio.o
                                      0x9f6d2 (size before relaxing)
 .debug_str     0x00000000000af2d8      0xdbf Drivers/STM32F3xx_HAL_Driver/Src/stm32f3xx_hal_i2c.o
                                      0xa064e (size before relaxing)
 .debug_str     0x00000000000b0097      0x2d4 Drivers/STM32F3xx_HAL_Driver/Src/stm32f3xx_hal_rcc.o
                                      0x9f868 (size before relaxing)
 .debug_str     0x00000000000b036b       0xd8 Drivers/STM32F3xx_HAL_Driver/Src/stm32f3xx_hal_rcc_ex.o
                                      0x9f57c (size before relaxing)
 .debug_str     0x00000000000b0443      0xe6b Drivers/STM32F3xx_HAL_Driver/Src/stm32f3xx_hal_tim.o
                                      0xa07b6 (size before relaxing)
 .debug_str     0x00000000000b12ae      0x5d8 Drivers/STM32F3xx_HAL_Driver/Src/stm32f3xx_hal_tim_ex.o
                                      0x9ffe3 (size before relaxing)
 .debug_str     0x00000000000b1886      0x854 Drivers/STM32F3xx_HAL_Driver/Src/stm32f3xx_hal_uart.o
                                      0xa0055 (size before relaxing)
 .debug_str     0x00000000000b20da     0x5994 Middlewares/Third_Party/FreeRTOS/Source/CMSIS_RTOS_V2/cmsis_os2.o
                                       0xe312 (size before relaxing)
 .debug_str     0x00000000000b7a6e      0x225 Middlewares/Third_Party/FreeRTOS/Source/list.o
                                       0xa76f (size before relaxing)
 .debug_str     0x00000000000b7c93      0x8fd Middlewares/Third_Party/FreeRTOS/Source/queue.o
                                       0xbf99 (size before relaxing)
 .debug_str     0x00000000000b8590     0x12f3 Middlewares/Third_Party/FreeRTOS/Source/tasks.o
                                       0xcbaf (size before relaxing)
 .debug_str     0x00000000000b9883      0x57d Middlewares/Third_Party/FreeRTOS/Source/timers.o
                                       0xc4b7 (size before relaxing)
 .debug_str     0x00000000000b9e00      0x803 Middlewares/Third_Party/FreeRTOS/Source/portable/GCC/ARM_CM4F/port.o
                                       0x81de (size before relaxing)
 .debug_str     0x00000000000ba603      0x251 Middlewares/Third_Party/FreeRTOS/Source/portable/MemMang/heap_4.o
                                       0xae92 (size before relaxing)

.comment        0x0000000000000000       0x53
 .comment       0x0000000000000000       0x53 Core/Src/LSM6DS3_ACC_GYRO_driver.o
                                         0x54 (size before relaxing)
 .comment       0x0000000000000053       0x54 Core/Src/can.o
 .comment       0x0000000000000053       0x54 Core/Src/freertos.o
 .comment       0x0000000000000053       0x54 Core/Src/gpio.o
 .comment       0x0000000000000053       0x54 Core/Src/i2c.o
 .comment       0x0000000000000053       0x54 Core/Src/imu_task.o
 .comment       0x0000000000000053       0x54 Core/Src/main.o
 .comment       0x0000000000000053       0x54 Core/Src/stm32f3xx_hal_msp.o
 .comment       0x0000000000000053       0x54 Core/Src/stm32f3xx_hal_timebase_tim.o
 .comment       0x0000000000000053       0x54 Core/Src/stm32f3xx_it.o
 .comment       0x0000000000000053       0x54 Core/Src/system_stm32f3xx.o
 .comment       0x0000000000000053       0x54 Core/Src/usart.o
 .comment       0x0000000000000053       0x54 Drivers/STM32F3xx_HAL_Driver/Src/stm32f3xx_hal.o
 .comment       0x0000000000000053       0x54 Drivers/STM32F3xx_HAL_Driver/Src/stm32f3xx_hal_can.o
 .comment       0x0000000000000053       0x54 Drivers/STM32F3xx_HAL_Driver/Src/stm32f3xx_hal_cortex.o
 .comment       0x0000000000000053       0x54 Drivers/STM32F3xx_HAL_Driver/Src/stm32f3xx_hal_gpio.o
 .comment       0x0000000000000053       0x54 Drivers/STM32F3xx_HAL_Driver/Src/stm32f3xx_hal_i2c.o
 .comment       0x0000000000000053       0x54 Drivers/STM32F3xx_HAL_Driver/Src/stm32f3xx_hal_rcc.o
 .comment       0x0000000000000053       0x54 Drivers/STM32F3xx_HAL_Driver/Src/stm32f3xx_hal_rcc_ex.o
 .comment       0x0000000000000053       0x54 Drivers/STM32F3xx_HAL_Driver/Src/stm32f3xx_hal_tim.o
 .comment       0x0000000000000053       0x54 Drivers/STM32F3xx_HAL_Driver/Src/stm32f3xx_hal_tim_ex.o
 .comment       0x0000000000000053       0x54 Drivers/STM32F3xx_HAL_Driver/Src/stm32f3xx_hal_uart.o
 .comment       0x0000000000000053       0x54 Middlewares/Third_Party/FreeRTOS/Source/CMSIS_RTOS_V2/cmsis_os2.o
 .comment       0x0000000000000053       0x54 Middlewares/Third_Party/FreeRTOS/Source/list.o
 .comment       0x0000000000000053       0x54 Middlewares/Third_Party/FreeRTOS/Source/queue.o
 .comment       0x0000000000000053       0x54 Middlewares/Third_Party/FreeRTOS/Source/tasks.o
 .comment       0x0000000000000053       0x54 Middlewares/Third_Party/FreeRTOS/Source/timers.o
 .comment       0x0000000000000053       0x54 Middlewares/Third_Party/FreeRTOS/Source/portable/GCC/ARM_CM4F/port.o
 .comment       0x0000000000000053       0x54 Middlewares/Third_Party/FreeRTOS/Source/portable/MemMang/heap_4.o

.debug_frame    0x0000000000000000     0x8f48
 .debug_frame   0x0000000000000000     0x2b38 Core/Src/LSM6DS3_ACC_GYRO_driver.o
 .debug_frame   0x0000000000002b38       0x74 Core/Src/can.o
 .debug_frame   0x0000000000002bac       0x4c Core/Src/freertos.o
 .debug_frame   0x0000000000002bf8       0x38 Core/Src/gpio.o
 .debug_frame   0x0000000000002c30       0x74 Core/Src/i2c.o
 .debug_frame   0x0000000000002ca4       0xa0 Core/Src/imu_task.o
 .debug_frame   0x0000000000002d44       0x8c Core/Src/main.o
 .debug_frame   0x0000000000002dd0       0x34 Core/Src/stm32f3xx_hal_msp.o
 .debug_frame   0x0000000000002e04       0x74 Core/Src/stm32f3xx_hal_timebase_tim.o
 .debug_frame   0x0000000000002e78       0xc4 Core/Src/stm32f3xx_it.o
 .debug_frame   0x0000000000002f3c       0x58 Core/Src/system_stm32f3xx.o
 .debug_frame   0x0000000000002f94       0x74 Core/Src/usart.o
 .debug_frame   0x0000000000003008      0x334 Drivers/STM32F3xx_HAL_Driver/Src/stm32f3xx_hal.o
 .debug_frame   0x000000000000333c      0x5a0 Drivers/STM32F3xx_HAL_Driver/Src/stm32f3xx_hal_can.o
 .debug_frame   0x00000000000038dc      0x428 Drivers/STM32F3xx_HAL_Driver/Src/stm32f3xx_hal_cortex.o
 .debug_frame   0x0000000000003d04      0x14c Drivers/STM32F3xx_HAL_Driver/Src/stm32f3xx_hal_gpio.o
 .debug_frame   0x0000000000003e50      0xbe8 Drivers/STM32F3xx_HAL_Driver/Src/stm32f3xx_hal_i2c.o
 .debug_frame   0x0000000000004a38      0x214 Drivers/STM32F3xx_HAL_Driver/Src/stm32f3xx_hal_rcc.o
 .debug_frame   0x0000000000004c4c       0xb4 Drivers/STM32F3xx_HAL_Driver/Src/stm32f3xx_hal_rcc_ex.o
 .debug_frame   0x0000000000004d00     0x121c Drivers/STM32F3xx_HAL_Driver/Src/stm32f3xx_hal_tim.o
 .debug_frame   0x0000000000005f1c      0x688 Drivers/STM32F3xx_HAL_Driver/Src/stm32f3xx_hal_tim_ex.o
 .debug_frame   0x00000000000065a4      0x9e0 Drivers/STM32F3xx_HAL_Driver/Src/stm32f3xx_hal_uart.o
 .debug_frame   0x0000000000006f84      0x980 Middlewares/Third_Party/FreeRTOS/Source/CMSIS_RTOS_V2/cmsis_os2.o
 .debug_frame   0x0000000000007904       0xd8 Middlewares/Third_Party/FreeRTOS/Source/list.o
 .debug_frame   0x00000000000079dc      0x5ec Middlewares/Third_Party/FreeRTOS/Source/queue.o
 .debug_frame   0x0000000000007fc8      0x8a8 Middlewares/Third_Party/FreeRTOS/Source/tasks.o
 .debug_frame   0x0000000000008870      0x3b4 Middlewares/Third_Party/FreeRTOS/Source/timers.o
 .debug_frame   0x0000000000008c24      0x1a8 Middlewares/Third_Party/FreeRTOS/Source/portable/GCC/ARM_CM4F/port.o
 .debug_frame   0x0000000000008dcc      0x108 Middlewares/Third_Party/FreeRTOS/Source/portable/MemMang/heap_4.o
 .debug_frame   0x0000000000008ed4       0x2c c:/st/stm32cubeide_1.6.1/stm32cubeide/plugins/com.st.stm32cube.ide.mcu.externaltools.gnu-tools-for-stm32.9-2020-q2-update.win32_1.5.0.202011040924/tools/bin/../lib/gcc/arm-none-eabi/9.3.1/../../../../arm-none-eabi/lib/thumb/v7e-m+fp/hard\libc_nano.a(lib_a-init.o)
 .debug_frame   0x0000000000008f00       0x28 c:/st/stm32cubeide_1.6.1/stm32cubeide/plugins/com.st.stm32cube.ide.mcu.externaltools.gnu-tools-for-stm32.9-2020-q2-update.win32_1.5.0.202011040924/tools/bin/../lib/gcc/arm-none-eabi/9.3.1/../../../../arm-none-eabi/lib/thumb/v7e-m+fp/hard\libc_nano.a(lib_a-memcpy-stub.o)
 .debug_frame   0x0000000000008f28       0x20 c:/st/stm32cubeide_1.6.1/stm32cubeide/plugins/com.st.stm32cube.ide.mcu.externaltools.gnu-tools-for-stm32.9-2020-q2-update.win32_1.5.0.202011040924/tools/bin/../lib/gcc/arm-none-eabi/9.3.1/../../../../arm-none-eabi/lib/thumb/v7e-m+fp/hard\libc_nano.a(lib_a-memset.o)